../Core/Src/traffic_light_processing.c:52:6:allOff	16	static
../Core/Src/traffic_light_processing.c:58:6:redLight	16	static
../Core/Src/traffic_light_processing.c:64:6:yelLight	16	static
../Core/Src/traffic_light_processing.c:69:6:grnLight	16	static
../Core/Src/traffic_light_processing.c:75:6:redBlink	8	static
../Core/Src/traffic_light_processing.c:80:6:yelBlink	8	static
../Core/Src/traffic_light_processing.c:85:6:grnBlink	8	static
../Core/Src/traffic_light_processing.c:90:5:getRedTime	4	static
../Core/Src/traffic_light_processing.c:94:5:getYelTime	4	static
../Core/Src/traffic_light_processing.c:98:5:getGrnTime	4	static
../Core/Src/traffic_light_processing.c:102:6:updateRedTime	16	static
../Core/Src/traffic_light_processing.c:106:6:updateYelTime	16	static
../Core/Src/traffic_light_processing.c:110:6:updateGrnTime	16	static
