Archive member included to satisfy reference by file (symbol)

d:/st/stm32cubeide_1.10.1/stm32cubeide/plugins/com.st.stm32cube.ide.mcu.externaltools.gnu-tools-for-stm32.10.3-2021.10.win32_1.0.0.202111181127/tools/bin/../lib/gcc/arm-none-eabi/10.3.1/../../../../arm-none-eabi/lib/thumb/v7-m/nofp\libc_nano.a(lib_a-errno.o)
                              ./Core/Src/syscalls.o (__errno)
d:/st/stm32cubeide_1.10.1/stm32cubeide/plugins/com.st.stm32cube.ide.mcu.externaltools.gnu-tools-for-stm32.10.3-2021.10.win32_1.0.0.202111181127/tools/bin/../lib/gcc/arm-none-eabi/10.3.1/../../../../arm-none-eabi/lib/thumb/v7-m/nofp\libc_nano.a(lib_a-exit.o)
                              d:/st/stm32cubeide_1.10.1/stm32cubeide/plugins/com.st.stm32cube.ide.mcu.externaltools.gnu-tools-for-stm32.10.3-2021.10.win32_1.0.0.202111181127/tools/bin/../lib/gcc/arm-none-eabi/10.3.1/../../../../arm-none-eabi/lib/thumb/v7-m/nofp/crt0.o (exit)
d:/st/stm32cubeide_1.10.1/stm32cubeide/plugins/com.st.stm32cube.ide.mcu.externaltools.gnu-tools-for-stm32.10.3-2021.10.win32_1.0.0.202111181127/tools/bin/../lib/gcc/arm-none-eabi/10.3.1/../../../../arm-none-eabi/lib/thumb/v7-m/nofp\libc_nano.a(lib_a-impure.o)
                              d:/st/stm32cubeide_1.10.1/stm32cubeide/plugins/com.st.stm32cube.ide.mcu.externaltools.gnu-tools-for-stm32.10.3-2021.10.win32_1.0.0.202111181127/tools/bin/../lib/gcc/arm-none-eabi/10.3.1/../../../../arm-none-eabi/lib/thumb/v7-m/nofp\libc_nano.a(lib_a-exit.o) (_global_impure_ptr)
d:/st/stm32cubeide_1.10.1/stm32cubeide/plugins/com.st.stm32cube.ide.mcu.externaltools.gnu-tools-for-stm32.10.3-2021.10.win32_1.0.0.202111181127/tools/bin/../lib/gcc/arm-none-eabi/10.3.1/../../../../arm-none-eabi/lib/thumb/v7-m/nofp\libc_nano.a(lib_a-init.o)
                              d:/st/stm32cubeide_1.10.1/stm32cubeide/plugins/com.st.stm32cube.ide.mcu.externaltools.gnu-tools-for-stm32.10.3-2021.10.win32_1.0.0.202111181127/tools/bin/../lib/gcc/arm-none-eabi/10.3.1/../../../../arm-none-eabi/lib/thumb/v7-m/nofp/crt0.o (__libc_init_array)
d:/st/stm32cubeide_1.10.1/stm32cubeide/plugins/com.st.stm32cube.ide.mcu.externaltools.gnu-tools-for-stm32.10.3-2021.10.win32_1.0.0.202111181127/tools/bin/../lib/gcc/arm-none-eabi/10.3.1/../../../../arm-none-eabi/lib/thumb/v7-m/nofp\libc_nano.a(lib_a-memset.o)
                              d:/st/stm32cubeide_1.10.1/stm32cubeide/plugins/com.st.stm32cube.ide.mcu.externaltools.gnu-tools-for-stm32.10.3-2021.10.win32_1.0.0.202111181127/tools/bin/../lib/gcc/arm-none-eabi/10.3.1/../../../../arm-none-eabi/lib/thumb/v7-m/nofp/crt0.o (memset)

Discarded input sections

 .text          0x0000000000000000        0x0 d:/st/stm32cubeide_1.10.1/stm32cubeide/plugins/com.st.stm32cube.ide.mcu.externaltools.gnu-tools-for-stm32.10.3-2021.10.win32_1.0.0.202111181127/tools/bin/../lib/gcc/arm-none-eabi/10.3.1/thumb/v7-m/nofp/crti.o
 .data          0x0000000000000000        0x0 d:/st/stm32cubeide_1.10.1/stm32cubeide/plugins/com.st.stm32cube.ide.mcu.externaltools.gnu-tools-for-stm32.10.3-2021.10.win32_1.0.0.202111181127/tools/bin/../lib/gcc/arm-none-eabi/10.3.1/thumb/v7-m/nofp/crti.o
 .bss           0x0000000000000000        0x0 d:/st/stm32cubeide_1.10.1/stm32cubeide/plugins/com.st.stm32cube.ide.mcu.externaltools.gnu-tools-for-stm32.10.3-2021.10.win32_1.0.0.202111181127/tools/bin/../lib/gcc/arm-none-eabi/10.3.1/thumb/v7-m/nofp/crti.o
 .data          0x0000000000000000        0x4 d:/st/stm32cubeide_1.10.1/stm32cubeide/plugins/com.st.stm32cube.ide.mcu.externaltools.gnu-tools-for-stm32.10.3-2021.10.win32_1.0.0.202111181127/tools/bin/../lib/gcc/arm-none-eabi/10.3.1/thumb/v7-m/nofp/crtbegin.o
 .rodata        0x0000000000000000       0x24 d:/st/stm32cubeide_1.10.1/stm32cubeide/plugins/com.st.stm32cube.ide.mcu.externaltools.gnu-tools-for-stm32.10.3-2021.10.win32_1.0.0.202111181127/tools/bin/../lib/gcc/arm-none-eabi/10.3.1/thumb/v7-m/nofp/crtbegin.o
 .text          0x0000000000000000       0x7c d:/st/stm32cubeide_1.10.1/stm32cubeide/plugins/com.st.stm32cube.ide.mcu.externaltools.gnu-tools-for-stm32.10.3-2021.10.win32_1.0.0.202111181127/tools/bin/../lib/gcc/arm-none-eabi/10.3.1/../../../../arm-none-eabi/lib/thumb/v7-m/nofp/crt0.o
 .data          0x0000000000000000        0x0 d:/st/stm32cubeide_1.10.1/stm32cubeide/plugins/com.st.stm32cube.ide.mcu.externaltools.gnu-tools-for-stm32.10.3-2021.10.win32_1.0.0.202111181127/tools/bin/../lib/gcc/arm-none-eabi/10.3.1/../../../../arm-none-eabi/lib/thumb/v7-m/nofp/crt0.o
 .bss           0x0000000000000000        0x0 d:/st/stm32cubeide_1.10.1/stm32cubeide/plugins/com.st.stm32cube.ide.mcu.externaltools.gnu-tools-for-stm32.10.3-2021.10.win32_1.0.0.202111181127/tools/bin/../lib/gcc/arm-none-eabi/10.3.1/../../../../arm-none-eabi/lib/thumb/v7-m/nofp/crt0.o
[...]
Memory Configuration

Name             Origin             Length             Attributes
RAM              0x0000000020000000 0x0000000000002800 xrw
FLASH            0x0000000008000000 0x0000000000008000 xr
*default*        0x0000000000000000 0xffffffffffffffff

Linker script and memory map

LOAD d:/st/stm32cubeide_1.10.1/stm32cubeide/plugins/com.st.stm32cube.ide.mcu.externaltools.gnu-tools-for-stm32.10.3-2021.10.win32_1.0.0.202111181127/tools/bin/../lib/gcc/arm-none-eabi/10.3.1/thumb/v7-m/nofp/crti.o
LOAD d:/st/stm32cubeide_1.10.1/stm32cubeide/plugins/com.st.stm32cube.ide.mcu.externaltools.gnu-tools-for-stm32.10.3-2021.10.win32_1.0.0.202111181127/tools/bin/../lib/gcc/arm-none-eabi/10.3.1/thumb/v7-m/nofp/crtbegin.o
LOAD d:/st/stm32cubeide_1.10.1/stm32cubeide/plugins/com.st.stm32cube.ide.mcu.externaltools.gnu-tools-for-stm32.10.3-2021.10.win32_1.0.0.202111181127/tools/bin/../lib/gcc/arm-none-eabi/10.3.1/../../../../arm-none-eabi/lib/thumb/v7-m/nofp/crt0.o
LOAD ./Core/Src/fsm_automatic.o
LOAD ./Core/Src/global.o
LOAD ./Core/Src/gpio.o
LOAD ./Core/Src/input_processing.o
LOAD ./Core/Src/input_reading.o
LOAD ./Core/Src/main.o
LOAD ./Core/Src/seven_seg_processing.o
LOAD ./Core/Src/software_timer.o
LOAD ./Core/Src/stm32f1xx_hal_msp.o
LOAD ./Core/Src/stm32f1xx_it.o
LOAD ./Core/Src/syscalls.o
LOAD ./Core/Src/sysmem.o
LOAD ./Core/Src/system_stm32f1xx.o
LOAD ./Core/Src/tim.o
LOAD ./Core/Src/traffic_light_processing.o
LOAD ./Core/Startup/startup_stm32f103c6ux.o
LOAD ./Drivers/STM32F1xx_HAL_Driver/Src/stm32f1xx_hal.o
LOAD ./Drivers/STM32F1xx_HAL_Driver/Src/stm32f1xx_hal_cortex.o
LOAD ./Drivers/STM32F1xx_HAL_Driver/Src/stm32f1xx_hal_dma.o
LOAD ./Drivers/STM32F1xx_HAL_Driver/Src/stm32f1xx_hal_exti.o
LOAD ./Drivers/STM32F1xx_HAL_Driver/Src/stm32f1xx_hal_flash.o
LOAD ./Drivers/STM32F1xx_HAL_Driver/Src/stm32f1xx_hal_flash_ex.o
LOAD ./Drivers/STM32F1xx_HAL_Driver/Src/stm32f1xx_hal_gpio.o
LOAD ./Drivers/STM32F1xx_HAL_Driver/Src/stm32f1xx_hal_gpio_ex.o
LOAD ./Drivers/STM32F1xx_HAL_Driver/Src/stm32f1xx_hal_pwr.o
LOAD ./Drivers/STM32F1xx_HAL_Driver/Src/stm32f1xx_hal_rcc.o
LOAD ./Drivers/STM32F1xx_HAL_Driver/Src/stm32f1xx_hal_rcc_ex.o
LOAD ./Drivers/STM32F1xx_HAL_Driver/Src/stm32f1xx_hal_tim.o
LOAD ./Drivers/STM32F1xx_HAL_Driver/Src/stm32f1xx_hal_tim_ex.o
START GROUP
LOAD d:/st/stm32cubeide_1.10.1/stm32cubeide/plugins/com.st.stm32cube.ide.mcu.externaltools.gnu-tools-for-stm32.10.3-2021.10.win32_1.0.0.202111181127/tools/bin/../lib/gcc/arm-none-eabi/10.3.1/../../../../arm-none-eabi/lib/thumb/v7-m/nofp\libc_nano.a
LOAD d:/st/stm32cubeide_1.10.1/stm32cubeide/plugins/com.st.stm32cube.ide.mcu.externaltools.gnu-tools-for-stm32.10.3-2021.10.win32_1.0.0.202111181127/tools/bin/../lib/gcc/arm-none-eabi/10.3.1/../../../../arm-none-eabi/lib/thumb/v7-m/nofp\libm.a
END GROUP
START GROUP
LOAD d:/st/stm32cubeide_1.10.1/stm32cubeide/plugins/com.st.stm32cube.ide.mcu.externaltools.gnu-tools-for-stm32.10.3-2021.10.win32_1.0.0.202111181127/tools/bin/../lib/gcc/arm-none-eabi/10.3.1/thumb/v7-m/nofp\libgcc.a
LOAD d:/st/stm32cubeide_1.10.1/stm32cubeide/plugins/com.st.stm32cube.ide.mcu.externaltools.gnu-tools-for-stm32.10.3-2021.10.win32_1.0.0.202111181127/tools/bin/../lib/gcc/arm-none-eabi/10.3.1/../../../../arm-none-eabi/lib/thumb/v7-m/nofp\libc_nano.a
END GROUP
START GROUP
LOAD d:/st/stm32cubeide_1.10.1/stm32cubeide/plugins/com.st.stm32cube.ide.mcu.externaltools.gnu-tools-for-stm32.10.3-2021.10.win32_1.0.0.202111181127/tools/bin/../lib/gcc/arm-none-eabi/10.3.1/thumb/v7-m/nofp\libgcc.a
LOAD d:/st/stm32cubeide_1.10.1/stm32cubeide/plugins/com.st.stm32cube.ide.mcu.externaltools.gnu-tools-for-stm32.10.3-2021.10.win32_1.0.0.202111181127/tools/bin/../lib/gcc/arm-none-eabi/10.3.1/../../../../arm-none-eabi/lib/thumb/v7-m/nofp\libc_nano.a
LOAD d:/st/stm32cubeide_1.10.1/stm32cubeide/plugins/com.st.stm32cube.ide.mcu.externaltools.gnu-tools-for-stm32.10.3-2021.10.win32_1.0.0.202111181127/tools/bin/../lib/gcc/arm-none-eabi/10.3.1/../../../../arm-none-eabi/lib/thumb/v7-m/nofp\libnosys.a
END GROUP
START GROUP
LOAD d:/st/stm32cubeide_1.10.1/stm32cubeide/plugins/com.st.stm32cube.ide.mcu.externaltools.gnu-tools-for-stm32.10.3-2021.10.win32_1.0.0.202111181127/tools/bin/../lib/gcc/arm-none-eabi/10.3.1/thumb/v7-m/nofp\libgcc.a
LOAD d:/st/stm32cubeide_1.10.1/stm32cubeide/plugins/com.st.stm32cube.ide.mcu.externaltools.gnu-tools-for-stm32.10.3-2021.10.win32_1.0.0.202111181127/tools/bin/../lib/gcc/arm-none-eabi/10.3.1/../../../../arm-none-eabi/lib/thumb/v7-m/nofp\libc_nano.a
LOAD d:/st/stm32cubeide_1.10.1/stm32cubeide/plugins/com.st.stm32cube.ide.mcu.externaltools.gnu-tools-for-stm32.10.3-2021.10.win32_1.0.0.202111181127/tools/bin/../lib/gcc/arm-none-eabi/10.3.1/../../../../arm-none-eabi/lib/thumb/v7-m/nofp\libnosys.a
END GROUP
LOAD d:/st/stm32cubeide_1.10.1/stm32cubeide/plugins/com.st.stm32cube.ide.mcu.externaltools.gnu-tools-for-stm32.10.3-2021.10.win32_1.0.0.202111181127/tools/bin/../lib/gcc/arm-none-eabi/10.3.1/thumb/v7-m/nofp/crtend.o
LOAD d:/st/stm32cubeide_1.10.1/stm32cubeide/plugins/com.st.stm32cube.ide.mcu.externaltools.gnu-tools-for-stm32.10.3-2021.10.win32_1.0.0.202111181127/tools/bin/../lib/gcc/arm-none-eabi/10.3.1/thumb/v7-m/nofp/crtn.o
                0x0000000020002800                _estack = (ORIGIN (RAM) + LENGTH (RAM))
                0x0000000000000200                _Min_Heap_Size = 0x200
                0x0000000000000400                _Min_Stack_Size = 0x400

.isr_vector     0x0000000008000000      0x10c
                0x0000000008000000                . = ALIGN (0x4)
 *(.isr_vector)
 .isr_vector    0x0000000008000000      0x10c ./Core/Startup/startup_stm32f103c6ux.o
                0x0000000008000000                g_pfnVectors
                0x000000000800010c                . = ALIGN (0x4)

.text           0x000000000800010c     0x216c
                0x000000000800010c                . = ALIGN (0x4)
 *(.text)
 .text          0x000000000800010c       0x40 d:/st/stm32cubeide_1.10.1/stm32cubeide/plugins/com.st.stm32cube.ide.mcu.externaltools.gnu-tools-for-stm32.10.3-2021.10.win32_1.0.0.202111181127/tools/bin/../lib/gcc/arm-none-eabi/10.3.1/thumb/v7-m/nofp/crtbegin.o
 *(.text*)
 .text.fsm_automatic_run
                0x000000000800014c      0x124 ./Core/Src/fsm_automatic.o
                0x000000000800014c                fsm_automatic_run
 .text.MX_GPIO_Init
                0x0000000008000270       0xc4 ./Core/Src/gpio.o
                0x0000000008000270                MX_GPIO_Init
 .text.button_reading
                0x0000000008000334       0xec ./Core/Src/input_reading.o
                0x0000000008000334                button_reading
 .text.main     0x0000000008000420       0x64 ./Core/Src/main.o
                0x0000000008000420                main
 .text.SystemClock_Config
                0x0000000008000484       0x76 ./Core/Src/main.o
                0x0000000008000484                SystemClock_Config
 .text.HAL_TIM_PeriodElapsedCallback
                0x00000000080004fa       0x22 ./Core/Src/main.o
                0x00000000080004fa                HAL_TIM_PeriodElapsedCallback
 .text.Error_Handler
                0x000000000800051c        0xa ./Core/Src/main.o
                0x000000000800051c                Error_Handler
 *fill*         0x0000000008000526        0x2 
 .text.driver7SEG
                0x0000000008000528       0x6c ./Core/Src/seven_seg_processing.o
                0x0000000008000528                driver7SEG
 .text.enable7SEG
                0x0000000008000594       0x6c ./Core/Src/seven_seg_processing.o
                0x0000000008000594                enable7SEG
 .text.update7SEGBuffer
                0x0000000008000600       0x9c ./Core/Src/seven_seg_processing.o
                0x0000000008000600                update7SEGBuffer
 .text.display7SEG
                0x000000000800069c       0x38 ./Core/Src/seven_seg_processing.o
                0x000000000800069c                display7SEG
 .text.setTrafficTimer
                0x00000000080006d4       0x40 ./Core/Src/software_timer.o
                0x00000000080006d4                setTrafficTimer
 .text.setTimer1
                0x0000000008000714       0x38 ./Core/Src/software_timer.o
                0x0000000008000714                setTimer1
 .text.timerRun
                0x000000000800074c       0xd8 ./Core/Src/software_timer.o
                0x000000000800074c                timerRun
 .text.HAL_MspInit
                0x0000000008000824       0x64 ./Core/Src/stm32f1xx_hal_msp.o
                0x0000000008000824                HAL_MspInit
 .text.NMI_Handler
                0x0000000008000888        0x6 ./Core/Src/stm32f1xx_it.o
                0x0000000008000888                NMI_Handler
 .text.HardFault_Handler
                0x000000000800088e        0x6 ./Core/Src/stm32f1xx_it.o
                0x000000000800088e                HardFault_Handler
 .text.MemManage_Handler
                0x0000000008000894        0x6 ./Core/Src/stm32f1xx_it.o
                0x0000000008000894                MemManage_Handler
 .text.BusFault_Handler
                0x000000000800089a        0x6 ./Core/Src/stm32f1xx_it.o
                0x000000000800089a                BusFault_Handler
 .text.UsageFault_Handler
                0x00000000080008a0        0x6 ./Core/Src/stm32f1xx_it.o
                0x00000000080008a0                UsageFault_Handler
 .text.SVC_Handler
                0x00000000080008a6        0xc ./Core/Src/stm32f1xx_it.o
                0x00000000080008a6                SVC_Handler
 .text.DebugMon_Handler
                0x00000000080008b2        0xc ./Core/Src/stm32f1xx_it.o
                0x00000000080008b2                DebugMon_Handler
 .text.PendSV_Handler
                0x00000000080008be        0xc ./Core/Src/stm32f1xx_it.o
                0x00000000080008be                PendSV_Handler
 .text.SysTick_Handler
                0x00000000080008ca        0xc ./Core/Src/stm32f1xx_it.o
                0x00000000080008ca                SysTick_Handler
 *fill*         0x00000000080008d6        0x2 
 .text.TIM2_IRQHandler
                0x00000000080008d8       0x14 ./Core/Src/stm32f1xx_it.o
                0x00000000080008d8                TIM2_IRQHandler
 .text.SystemInit
                0x00000000080008ec        0xc ./Core/Src/system_stm32f1xx.o
                0x00000000080008ec                SystemInit
 .text.MX_TIM2_Init
                0x00000000080008f8       0x98 ./Core/Src/tim.o
                0x00000000080008f8                MX_TIM2_Init
 .text.HAL_TIM_Base_MspInit
                0x0000000008000990       0x48 ./Core/Src/tim.o
                0x0000000008000990                HAL_TIM_Base_MspInit
 .text.allOff   0x00000000080009d8       0x70 ./Core/Src/traffic_light_processing.o
                0x00000000080009d8                allOff
 .text.redLight
                0x0000000008000a48       0x70 ./Core/Src/traffic_light_processing.o
                0x0000000008000a48                redLight
 .text.yelLight
                0x0000000008000ab8       0x70 ./Core/Src/traffic_light_processing.o
                0x0000000008000ab8                yelLight
 .text.grnLight
                0x0000000008000b28       0x70 ./Core/Src/traffic_light_processing.o
                0x0000000008000b28                grnLight
 .text.getRedTime
                0x0000000008000b98       0x1c ./Core/Src/traffic_light_processing.o
                0x0000000008000b98                getRedTime
 .text.getYelTime
                0x0000000008000bb4       0x1c ./Core/Src/traffic_light_processing.o
                0x0000000008000bb4                getYelTime
 .text.getGrnTime
                0x0000000008000bd0       0x1c ./Core/Src/traffic_light_processing.o
                0x0000000008000bd0                getGrnTime
 .text.Reset_Handler
                0x0000000008000bec       0x48 ./Core/Startup/startup_stm32f103c6ux.o
                0x0000000008000bec                Reset_Handler
 .text.Default_Handler
                0x0000000008000c34        0x2 ./Core/Startup/startup_stm32f103c6ux.o
                0x0000000008000c34                RTC_Alarm_IRQHandler
                0x0000000008000c34                EXTI2_IRQHandler
                0x0000000008000c34                TIM1_CC_IRQHandler
                0x0000000008000c34                PVD_IRQHandler
                0x0000000008000c34                EXTI3_IRQHandler
                0x0000000008000c34                EXTI0_IRQHandler
                0x0000000008000c34                ADC1_2_IRQHandler
                0x0000000008000c34                SPI1_IRQHandler
                0x0000000008000c34                TAMPER_IRQHandler
                0x0000000008000c34                DMA1_Channel4_IRQHandler
                0x0000000008000c34                RTC_IRQHandler
                0x0000000008000c34                DMA1_Channel7_IRQHandler
                0x0000000008000c34                CAN1_RX1_IRQHandler
                0x0000000008000c34                I2C1_EV_IRQHandler
                0x0000000008000c34                DMA1_Channel6_IRQHandler
                0x0000000008000c34                TIM3_IRQHandler
                0x0000000008000c34                RCC_IRQHandler
                0x0000000008000c34                TIM1_TRG_COM_IRQHandler
                0x0000000008000c34                DMA1_Channel1_IRQHandler
                0x0000000008000c34                Default_Handler
                0x0000000008000c34                EXTI15_10_IRQHandler
                0x0000000008000c34                EXTI9_5_IRQHandler
                0x0000000008000c34                DMA1_Channel5_IRQHandler
                0x0000000008000c34                EXTI4_IRQHandler
                0x0000000008000c34                USB_LP_CAN1_RX0_IRQHandler
                0x0000000008000c34                USB_HP_CAN1_TX_IRQHandler
                0x0000000008000c34                DMA1_Channel3_IRQHandler
                0x0000000008000c34                TIM1_UP_IRQHandler
                0x0000000008000c34                WWDG_IRQHandler
                0x0000000008000c34                TIM1_BRK_IRQHandler
                0x0000000008000c34                EXTI1_IRQHandler
                0x0000000008000c34                USART2_IRQHandler
                0x0000000008000c34                DMA1_Channel2_IRQHandler
                0x0000000008000c34                CAN1_SCE_IRQHandler
                0x0000000008000c34                FLASH_IRQHandler
                0x0000000008000c34                USART1_IRQHandler
                0x0000000008000c34                I2C1_ER_IRQHandler
                0x0000000008000c34                USBWakeUp_IRQHandler
 *fill*         0x0000000008000c36        0x2 
 .text.HAL_Init
                0x0000000008000c38       0x2c ./Drivers/STM32F1xx_HAL_Driver/Src/stm32f1xx_hal.o
                0x0000000008000c38                HAL_Init
 .text.HAL_InitTick
                0x0000000008000c64       0x60 ./Drivers/STM32F1xx_HAL_Driver/Src/stm32f1xx_hal.o
                0x0000000008000c64                HAL_InitTick
 .text.HAL_IncTick
                0x0000000008000cc4       0x24 ./Drivers/STM32F1xx_HAL_Driver/Src/stm32f1xx_hal.o
                0x0000000008000cc4                HAL_IncTick
 .text.HAL_GetTick
                0x0000000008000ce8       0x14 ./Drivers/STM32F1xx_HAL_Driver/Src/stm32f1xx_hal.o
                0x0000000008000ce8                HAL_GetTick
 .text.__NVIC_SetPriorityGrouping
                0x0000000008000cfc       0x48 ./Drivers/STM32F1xx_HAL_Driver/Src/stm32f1xx_hal_cortex.o
 .text.__NVIC_GetPriorityGrouping
                0x0000000008000d44       0x1c ./Drivers/STM32F1xx_HAL_Driver/Src/stm32f1xx_hal_cortex.o
 .text.__NVIC_EnableIRQ
                0x0000000008000d60       0x38 ./Drivers/STM32F1xx_HAL_Driver/Src/stm32f1xx_hal_cortex.o
 .text.__NVIC_SetPriority
                0x0000000008000d98       0x54 ./Drivers/STM32F1xx_HAL_Driver/Src/stm32f1xx_hal_cortex.o
 .text.NVIC_EncodePriority
                0x0000000008000dec       0x64 ./Drivers/STM32F1xx_HAL_Driver/Src/stm32f1xx_hal_cortex.o
 .text.SysTick_Config
                0x0000000008000e50       0x44 ./Drivers/STM32F1xx_HAL_Driver/Src/stm32f1xx_hal_cortex.o
 .text.HAL_NVIC_SetPriorityGrouping
                0x0000000008000e94       0x16 ./Drivers/STM32F1xx_HAL_Driver/Src/stm32f1xx_hal_cortex.o
                0x0000000008000e94                HAL_NVIC_SetPriorityGrouping
 .text.HAL_NVIC_SetPriority
                0x0000000008000eaa       0x38 ./Drivers/STM32F1xx_HAL_Driver/Src/stm32f1xx_hal_cortex.o
                0x0000000008000eaa                HAL_NVIC_SetPriority
 .text.HAL_NVIC_EnableIRQ
                0x0000000008000ee2       0x1c ./Drivers/STM32F1xx_HAL_Driver/Src/stm32f1xx_hal_cortex.o
                0x0000000008000ee2                HAL_NVIC_EnableIRQ
 .text.HAL_SYSTICK_Config
                0x0000000008000efe       0x18 ./Drivers/STM32F1xx_HAL_Driver/Src/stm32f1xx_hal_cortex.o
                0x0000000008000efe                HAL_SYSTICK_Config
 *fill*         0x0000000008000f16        0x2 
 .text.HAL_GPIO_Init
                0x0000000008000f18      0x2f8 ./Drivers/STM32F1xx_HAL_Driver/Src/stm32f1xx_hal_gpio.o
                0x0000000008000f18                HAL_GPIO_Init
 .text.HAL_GPIO_ReadPin
                0x0000000008001210       0x2e ./Drivers/STM32F1xx_HAL_Driver/Src/stm32f1xx_hal_gpio.o
                0x0000000008001210                HAL_GPIO_ReadPin
 .text.HAL_GPIO_WritePin
                0x000000000800123e       0x30 ./Drivers/STM32F1xx_HAL_Driver/Src/stm32f1xx_hal_gpio.o
                0x000000000800123e                HAL_GPIO_WritePin
 *fill*         0x000000000800126e        0x2 
 .text.HAL_RCC_OscConfig
                0x0000000008001270      0x504 ./Drivers/STM32F1xx_HAL_Driver/Src/stm32f1xx_hal_rcc.o
                0x0000000008001270                HAL_RCC_OscConfig
 .text.HAL_RCC_ClockConfig
                0x0000000008001774      0x1d4 ./Drivers/STM32F1xx_HAL_Driver/Src/stm32f1xx_hal_rcc.o
                0x0000000008001774                HAL_RCC_ClockConfig
 .text.HAL_RCC_GetSysClockFreq
                0x0000000008001948       0xbc ./Drivers/STM32F1xx_HAL_Driver/Src/stm32f1xx_hal_rcc.o
                0x0000000008001948                HAL_RCC_GetSysClockFreq
 .text.RCC_Delay
                0x0000000008001a04       0x3c ./Drivers/STM32F1xx_HAL_Driver/Src/stm32f1xx_hal_rcc.o
 .text.HAL_TIM_Base_Init
                0x0000000008001a40       0x9e ./Drivers/STM32F1xx_HAL_Driver/Src/stm32f1xx_hal_tim.o
                0x0000000008001a40                HAL_TIM_Base_Init
 *fill*         0x0000000008001ade        0x2 
 .text.HAL_TIM_Base_Start_IT
                0x0000000008001ae0       0x98 ./Drivers/STM32F1xx_HAL_Driver/Src/stm32f1xx_hal_tim.o
                0x0000000008001ae0                HAL_TIM_Base_Start_IT
 .text.HAL_TIM_IRQHandler
                0x0000000008001b78      0x210 ./Drivers/STM32F1xx_HAL_Driver/Src/stm32f1xx_hal_tim.o
                0x0000000008001b78                HAL_TIM_IRQHandler
 .text.HAL_TIM_ConfigClockSource
                0x0000000008001d88      0x188 ./Drivers/STM32F1xx_HAL_Driver/Src/stm32f1xx_hal_tim.o
                0x0000000008001d88                HAL_TIM_ConfigClockSource
 .text.HAL_TIM_OC_DelayElapsedCallback
                0x0000000008001f10       0x12 ./Drivers/STM32F1xx_HAL_Driver/Src/stm32f1xx_hal_tim.o
                0x0000000008001f10                HAL_TIM_OC_DelayElapsedCallback
 .text.HAL_TIM_IC_CaptureCallback
                0x0000000008001f22       0x12 ./Drivers/STM32F1xx_HAL_Driver/Src/stm32f1xx_hal_tim.o
                0x0000000008001f22                HAL_TIM_IC_CaptureCallback
 .text.HAL_TIM_PWM_PulseFinishedCallback
                0x0000000008001f34       0x12 ./Drivers/STM32F1xx_HAL_Driver/Src/stm32f1xx_hal_tim.o
                0x0000000008001f34                HAL_TIM_PWM_PulseFinishedCallback
 .text.HAL_TIM_TriggerCallback
                0x0000000008001f46       0x12 ./Drivers/STM32F1xx_HAL_Driver/Src/stm32f1xx_hal_tim.o
                0x0000000008001f46                HAL_TIM_TriggerCallback
 .text.TIM_Base_SetConfig
                0x0000000008001f58       0xb0 ./Drivers/STM32F1xx_HAL_Driver/Src/stm32f1xx_hal_tim.o
                0x0000000008001f58                TIM_Base_SetConfig
 .text.TIM_TI1_ConfigInputStage
                0x0000000008002008       0x5c ./Drivers/STM32F1xx_HAL_Driver/Src/stm32f1xx_hal_tim.o
 .text.TIM_TI2_ConfigInputStage
                0x0000000008002064       0x5e ./Drivers/STM32F1xx_HAL_Driver/Src/stm32f1xx_hal_tim.o
 .text.TIM_ITRx_SetConfig
                0x00000000080020c2       0x34 ./Drivers/STM32F1xx_HAL_Driver/Src/stm32f1xx_hal_tim.o
 .text.TIM_ETR_SetConfig
                0x00000000080020f6       0x3e ./Drivers/STM32F1xx_HAL_Driver/Src/stm32f1xx_hal_tim.o
                0x00000000080020f6                TIM_ETR_SetConfig
 .text.HAL_TIMEx_MasterConfigSynchronization
                0x0000000008002134       0xb0 ./Drivers/STM32F1xx_HAL_Driver/Src/stm32f1xx_hal_tim_ex.o
                0x0000000008002134                HAL_TIMEx_MasterConfigSynchronization
 .text.HAL_TIMEx_CommutCallback
                0x00000000080021e4       0x12 ./Drivers/STM32F1xx_HAL_Driver/Src/stm32f1xx_hal_tim_ex.o
                0x00000000080021e4                HAL_TIMEx_CommutCallback
 .text.HAL_TIMEx_BreakCallback
                0x00000000080021f6       0x12 ./Drivers/STM32F1xx_HAL_Driver/Src/stm32f1xx_hal_tim_ex.o
                0x00000000080021f6                HAL_TIMEx_BreakCallback
 .text.__libc_init_array
                0x0000000008002208       0x48 d:/st/stm32cubeide_1.10.1/stm32cubeide/plugins/com.st.stm32cube.ide.mcu.externaltools.gnu-tools-for-stm32.10.3-2021.10.win32_1.0.0.202111181127/tools/bin/../lib/gcc/arm-none-eabi/10.3.1/../../../../arm-none-eabi/lib/thumb/v7-m/nofp\libc_nano.a(lib_a-init.o)
                0x0000000008002208                __libc_init_array
 .text.memset   0x0000000008002250       0x10 d:/st/stm32cubeide_1.10.1/stm32cubeide/plugins/com.st.stm32cube.ide.mcu.externaltools.gnu-tools-for-stm32.10.3-2021.10.win32_1.0.0.202111181127/tools/bin/../lib/gcc/arm-none-eabi/10.3.1/../../../../arm-none-eabi/lib/thumb/v7-m/nofp\libc_nano.a(lib_a-memset.o)
                0x0000000008002250                memset
 *(.glue_7)
 .glue_7        0x0000000008002260        0x0 linker stubs
 *(.glue_7t)
 .glue_7t       0x0000000008002260        0x0 linker stubs
 *(.eh_frame)
 .eh_frame      0x0000000008002260        0x0 d:/st/stm32cubeide_1.10.1/stm32cubeide/plugins/com.st.stm32cube.ide.mcu.externaltools.gnu-tools-for-stm32.10.3-2021.10.win32_1.0.0.202111181127/tools/bin/../lib/gcc/arm-none-eabi/10.3.1/thumb/v7-m/nofp/crtbegin.o
 *(.init)
 .init          0x0000000008002260        0x4 d:/st/stm32cubeide_1.10.1/stm32cubeide/plugins/com.st.stm32cube.ide.mcu.externaltools.gnu-tools-for-stm32.10.3-2021.10.win32_1.0.0.202111181127/tools/bin/../lib/gcc/arm-none-eabi/10.3.1/thumb/v7-m/nofp/crti.o
                0x0000000008002260                _init
 .init          0x0000000008002264        0x8 d:/st/stm32cubeide_1.10.1/stm32cubeide/plugins/com.st.stm32cube.ide.mcu.externaltools.gnu-tools-for-stm32.10.3-2021.10.win32_1.0.0.202111181127/tools/bin/../lib/gcc/arm-none-eabi/10.3.1/thumb/v7-m/nofp/crtn.o
 *(.fini)
 .fini          0x000000000800226c        0x4 d:/st/stm32cubeide_1.10.1/stm32cubeide/plugins/com.st.stm32cube.ide.mcu.externaltools.gnu-tools-for-stm32.10.3-2021.10.win32_1.0.0.202111181127/tools/bin/../lib/gcc/arm-none-eabi/10.3.1/thumb/v7-m/nofp/crti.o
                0x000000000800226c                _fini
 .fini          0x0000000008002270        0x8 d:/st/stm32cubeide_1.10.1/stm32cubeide/plugins/com.st.stm32cube.ide.mcu.externaltools.gnu-tools-for-stm32.10.3-2021.10.win32_1.0.0.202111181127/tools/bin/../lib/gcc/arm-none-eabi/10.3.1/thumb/v7-m/nofp/crtn.o
                0x0000000008002278                . = ALIGN (0x4)
                0x0000000008002278                _etext = .

.vfp11_veneer   0x0000000008002278        0x0
 .vfp11_veneer  0x0000000008002278        0x0 linker stubs

.v4_bx          0x0000000008002278        0x0
 .v4_bx         0x0000000008002278        0x0 linker stubs

.iplt           0x0000000008002278        0x0
 .iplt          0x0000000008002278        0x0 d:/st/stm32cubeide_1.10.1/stm32cubeide/plugins/com.st.stm32cube.ide.mcu.externaltools.gnu-tools-for-stm32.10.3-2021.10.win32_1.0.0.202111181127/tools/bin/../lib/gcc/arm-none-eabi/10.3.1/thumb/v7-m/nofp/crtbegin.o

.rodata         0x0000000008002278       0x30
                0x0000000008002278                . = ALIGN (0x4)
 *(.rodata)
 .rodata        0x0000000008002278       0x10 ./Drivers/STM32F1xx_HAL_Driver/Src/stm32f1xx_hal_rcc.o
 *(.rodata*)
 .rodata.sevenSegValue
                0x0000000008002288        0xa ./Core/Src/seven_seg_processing.o
                0x0000000008002288                sevenSegValue
 *fill*         0x0000000008002292        0x2 
 .rodata.sevenSegEnable
                0x0000000008002294        0x4 ./Core/Src/seven_seg_processing.o
                0x0000000008002294                sevenSegEnable
 .rodata.AHBPrescTable
                0x0000000008002298       0x10 ./Core/Src/system_stm32f1xx.o
                0x0000000008002298                AHBPrescTable
                0x00000000080022a8                . = ALIGN (0x4)

.rel.dyn        0x00000000080022a8        0x0
 .rel.iplt      0x00000000080022a8        0x0 d:/st/stm32cubeide_1.10.1/stm32cubeide/plugins/com.st.stm32cube.ide.mcu.externaltools.gnu-tools-for-stm32.10.3-2021.10.win32_1.0.0.202111181127/tools/bin/../lib/gcc/arm-none-eabi/10.3.1/thumb/v7-m/nofp/crtbegin.o

.ARM.extab      0x00000000080022a8        0x0
                0x00000000080022a8                . = ALIGN (0x4)
 *(.ARM.extab* .gnu.linkonce.armextab.*)
                0x00000000080022a8                . = ALIGN (0x4)

.ARM            0x00000000080022a8        0x0
                0x00000000080022a8                . = ALIGN (0x4)
                0x00000000080022a8                __exidx_start = .
 *(.ARM.exidx*)
                0x00000000080022a8                __exidx_end = .
                0x00000000080022a8                . = ALIGN (0x4)

.preinit_array  0x00000000080022a8        0x0
                0x00000000080022a8                . = ALIGN (0x4)
                0x00000000080022a8                PROVIDE (__preinit_array_start = .)
 *(.preinit_array*)
                0x00000000080022a8                PROVIDE (__preinit_array_end = .)
                0x00000000080022a8                . = ALIGN (0x4)

.init_array     0x00000000080022a8        0x4
                0x00000000080022a8                . = ALIGN (0x4)
                0x00000000080022a8                PROVIDE (__init_array_start = .)
 *(SORT_BY_NAME(.init_array.*))
 *(.init_array*)
 .init_array    0x00000000080022a8        0x4 d:/st/stm32cubeide_1.10.1/stm32cubeide/plugins/com.st.stm32cube.ide.mcu.externaltools.gnu-tools-for-stm32.10.3-2021.10.win32_1.0.0.202111181127/tools/bin/../lib/gcc/arm-none-eabi/10.3.1/thumb/v7-m/nofp/crtbegin.o
                0x00000000080022ac                PROVIDE (__init_array_end = .)
                0x00000000080022ac                . = ALIGN (0x4)

.fini_array     0x00000000080022ac        0x4
                0x00000000080022ac                . = ALIGN (0x4)
                [!provide]                        PROVIDE (__fini_array_start = .)
 *(SORT_BY_NAME(.fini_array.*))
 *(.fini_array*)
 .fini_array    0x00000000080022ac        0x4 d:/st/stm32cubeide_1.10.1/stm32cubeide/plugins/com.st.stm32cube.ide.mcu.externaltools.gnu-tools-for-stm32.10.3-2021.10.win32_1.0.0.202111181127/tools/bin/../lib/gcc/arm-none-eabi/10.3.1/thumb/v7-m/nofp/crtbegin.o
                [!provide]                        PROVIDE (__fini_array_end = .)
                0x00000000080022b0                . = ALIGN (0x4)
                0x00000000080022b0                _sidata = LOADADDR (.data)

.data           0x0000000020000000       0x94 load address 0x00000000080022b0
                0x0000000020000000                . = ALIGN (0x4)
                0x0000000020000000                _sdata = .
 *(.data)
 *(.data*)
 .data.buttonPort
                0x0000000020000000        0xc ./Core/Src/input_reading.o
                0x0000000020000000                buttonPort
 .data.buttonPin
                0x000000002000000c        0x6 ./Core/Src/input_reading.o
                0x000000002000000c                buttonPin
 *fill*         0x0000000020000012        0x2 
 .data.sevenSegPort
                0x0000000020000014       0x1c ./Core/Src/seven_seg_processing.o
                0x0000000020000014                sevenSegPort
 .data.sevenSegPin
                0x0000000020000030        0xe ./Core/Src/seven_seg_processing.o
                0x0000000020000030                sevenSegPin
 *fill*         0x000000002000003e        0x2 
 .data.enablePort
                0x0000000020000040       0x10 ./Core/Src/seven_seg_processing.o
                0x0000000020000040                enablePort
 .data.enablePin
                0x0000000020000050        0x8 ./Core/Src/seven_seg_processing.o
                0x0000000020000050                enablePin
 .data.SystemCoreClock
                0x0000000020000058        0x4 ./Core/Src/system_stm32f1xx.o
                0x0000000020000058                SystemCoreClock
 .data.redPort  0x000000002000005c        0x8 ./Core/Src/traffic_light_processing.o
                0x000000002000005c                redPort
 .data.redPin   0x0000000020000064        0x4 ./Core/Src/traffic_light_processing.o
                0x0000000020000064                redPin
 .data.yelPort  0x0000000020000068        0x8 ./Core/Src/traffic_light_processing.o
                0x0000000020000068                yelPort
 .data.yelPin   0x0000000020000070        0x4 ./Core/Src/traffic_light_processing.o
                0x0000000020000070                yelPin
 .data.grnPort  0x0000000020000074        0x8 ./Core/Src/traffic_light_processing.o
                0x0000000020000074                grnPort
 .data.grnPin   0x000000002000007c        0x4 ./Core/Src/traffic_light_processing.o
                0x000000002000007c                grnPin
 .data.redTime  0x0000000020000080        0x4 ./Core/Src/traffic_light_processing.o
                0x0000000020000080                redTime
 .data.yelTime  0x0000000020000084        0x4 ./Core/Src/traffic_light_processing.o
                0x0000000020000084                yelTime
 .data.grnTime  0x0000000020000088        0x4 ./Core/Src/traffic_light_processing.o
                0x0000000020000088                grnTime
 .data.uwTickPrio
                0x000000002000008c        0x4 ./Drivers/STM32F1xx_HAL_Driver/Src/stm32f1xx_hal.o
                0x000000002000008c                uwTickPrio
 .data.uwTickFreq
                0x0000000020000090        0x1 ./Drivers/STM32F1xx_HAL_Driver/Src/stm32f1xx_hal.o
                0x0000000020000090                uwTickFreq
 *(.RamFunc)
 *(.RamFunc*)
                0x0000000020000094                . = ALIGN (0x4)
 *fill*         0x0000000020000091        0x3 
                0x0000000020000094                _edata = .

.igot.plt       0x0000000020000094        0x0 load address 0x0000000008002344
 .igot.plt      0x0000000020000094        0x0 d:/st/stm32cubeide_1.10.1/stm32cubeide/plugins/com.st.stm32cube.ide.mcu.externaltools.gnu-tools-for-stm32.10.3-2021.10.win32_1.0.0.202111181127/tools/bin/../lib/gcc/arm-none-eabi/10.3.1/thumb/v7-m/nofp/crtbegin.o
                0x0000000020000094                . = ALIGN (0x4)

.bss            0x0000000020000094       0xbc load address 0x0000000008002344
                0x0000000020000094                _sbss = .
                0x0000000020000094                __bss_start__ = _sbss
 *(.bss)
 .bss           0x0000000020000094       0x1c d:/st/stm32cubeide_1.10.1/stm32cubeide/plugins/com.st.stm32cube.ide.mcu.externaltools.gnu-tools-for-stm32.10.3-2021.10.win32_1.0.0.202111181127/tools/bin/../lib/gcc/arm-none-eabi/10.3.1/thumb/v7-m/nofp/crtbegin.o
 *(.bss*)
 .bss.lightStatus
                0x00000000200000b0        0x2 ./Core/Src/global.o
                0x00000000200000b0                lightStatus
 *fill*         0x00000000200000b2        0x2 
 .bss.buttonBuffer
                0x00000000200000b4        0x3 ./Core/Src/input_reading.o
 *fill*         0x00000000200000b7        0x1 
 .bss.debounceButtonBuffer1
                0x00000000200000b8        0x3 ./Core/Src/input_reading.o
 *fill*         0x00000000200000bb        0x1 
 .bss.debounceButtonBuffer2
                0x00000000200000bc        0x3 ./Core/Src/input_reading.o
 *fill*         0x00000000200000bf        0x1 
 .bss.flagForButtonPress1s
                0x00000000200000c0        0x3 ./Core/Src/input_reading.o
 *fill*         0x00000000200000c3        0x1 
 .bss.counterForButtonPress1s
                0x00000000200000c4        0x6 ./Core/Src/input_reading.o
 *fill*         0x00000000200000ca        0x2 
 .bss.seven_seg_buffer
                0x00000000200000cc       0x10 ./Core/Src/seven_seg_processing.o
                0x00000000200000cc                seven_seg_buffer
 .bss.traffic_timer_flag
                0x00000000200000dc        0x8 ./Core/Src/software_timer.o
                0x00000000200000dc                traffic_timer_flag
 .bss.traffic_timer_counter
                0x00000000200000e4        0x8 ./Core/Src/software_timer.o
                0x00000000200000e4                traffic_timer_counter
 .bss.timer1_counter
                0x00000000200000ec        0x4 ./Core/Src/software_timer.o
                0x00000000200000ec                timer1_counter
 .bss.timer1_flag
                0x00000000200000f0        0x4 ./Core/Src/software_timer.o
                0x00000000200000f0                timer1_flag
 .bss.timer2_counter
                0x00000000200000f4        0x4 ./Core/Src/software_timer.o
                0x00000000200000f4                timer2_counter
 .bss.timer2_flag
                0x00000000200000f8        0x4 ./Core/Src/software_timer.o
                0x00000000200000f8                timer2_flag
 .bss.timer3_counter
                0x00000000200000fc        0x4 ./Core/Src/software_timer.o
                0x00000000200000fc                timer3_counter
 .bss.timer3_flag
                0x0000000020000100        0x4 ./Core/Src/software_timer.o
                0x0000000020000100                timer3_flag
 .bss.htim2     0x0000000020000104       0x48 ./Core/Src/tim.o
                0x0000000020000104                htim2
 .bss.uwTick    0x000000002000014c        0x4 ./Drivers/STM32F1xx_HAL_Driver/Src/stm32f1xx_hal.o
                0x000000002000014c                uwTick
 *(COMMON)
                0x0000000020000150                . = ALIGN (0x4)
                0x0000000020000150                _ebss = .
                0x0000000020000150                __bss_end__ = _ebss

._user_heap_stack
                0x0000000020000150      0x600 load address 0x0000000008002344
                0x0000000020000150                . = ALIGN (0x8)
                [!provide]                        PROVIDE (end = .)
                0x0000000020000150                PROVIDE (_end = .)
                0x0000000020000350                . = (. + _Min_Heap_Size)
 *fill*         0x0000000020000150      0x200 
                0x0000000020000750                . = (. + _Min_Stack_Size)
 *fill*         0x0000000020000350      0x400 
                0x0000000020000750                . = ALIGN (0x8)

/DISCARD/
 libc.a(*)
 libm.a(*)
 libgcc.a(*)

.ARM.attributes
                0x0000000000000000       0x29
 *(.ARM.attributes)
 .ARM.attributes
                0x0000000000000000       0x1d d:/st/stm32cubeide_1.10.1/stm32cubeide/plugins/com.st.stm32cube.ide.mcu.externaltools.gnu-tools-for-stm32.10.3-2021.10.win32_1.0.0.202111181127/tools/bin/../lib/gcc/arm-none-eabi/10.3.1/thumb/v7-m/nofp/crti.o
 .ARM.attributes
                0x000000000000001d       0x2d d:/st/stm32cubeide_1.10.1/stm32cubeide/plugins/com.st.stm32cube.ide.mcu.externaltools.gnu-tools-for-stm32.10.3-2021.10.win32_1.0.0.202111181127/tools/bin/../lib/gcc/arm-none-eabi/10.3.1/thumb/v7-m/nofp/crtbegin.o
 .ARM.attributes
                0x000000000000004a       0x2d ./Core/Src/fsm_automatic.o
 .ARM.attributes
                0x0000000000000077       0x2d ./Core/Src/global.o
 .ARM.attributes
                0x00000000000000a4       0x2d ./Core/Src/gpio.o
 .ARM.attributes
                0x00000000000000d1       0x2d ./Core/Src/input_reading.o
 .ARM.attributes
                0x00000000000000fe       0x2d ./Core/Src/main.o
 .ARM.attributes
                0x000000000000012b       0x2d ./Core/Src/seven_seg_processing.o
 .ARM.attributes
                0x0000000000000158       0x2d ./Core/Src/software_timer.o
 .ARM.attributes
                0x0000000000000185       0x2d ./Core/Src/stm32f1xx_hal_msp.o
 .ARM.attributes
                0x00000000000001b2       0x2d ./Core/Src/stm32f1xx_it.o
 .ARM.attributes
                0x00000000000001df       0x2d ./Core/Src/system_stm32f1xx.o
 .ARM.attributes
                0x000000000000020c       0x2d ./Core/Src/tim.o
 .ARM.attributes
                0x0000000000000239       0x2d ./Core/Src/traffic_light_processing.o
 .ARM.attributes
                0x0000000000000266       0x21 ./Core/Startup/startup_stm32f103c6ux.o
 .ARM.attributes
                0x0000000000000287       0x2d ./Drivers/STM32F1xx_HAL_Driver/Src/stm32f1xx_hal.o
 .ARM.attributes
                0x00000000000002b4       0x2d ./Drivers/STM32F1xx_HAL_Driver/Src/stm32f1xx_hal_cortex.o
 .ARM.attributes
                0x00000000000002e1       0x2d ./Drivers/STM32F1xx_HAL_Driver/Src/stm32f1xx_hal_gpio.o
 .ARM.attributes
                0x000000000000030e       0x2d ./Drivers/STM32F1xx_HAL_Driver/Src/stm32f1xx_hal_rcc.o
 .ARM.attributes
                0x000000000000033b       0x2d ./Drivers/STM32F1xx_HAL_Driver/Src/stm32f1xx_hal_tim.o
 .ARM.attributes
                0x0000000000000368       0x2d ./Drivers/STM32F1xx_HAL_Driver/Src/stm32f1xx_hal_tim_ex.o
 .ARM.attributes
                0x0000000000000395       0x2d d:/st/stm32cubeide_1.10.1/stm32cubeide/plugins/com.st.stm32cube.ide.mcu.externaltools.gnu-tools-for-stm32.10.3-2021.10.win32_1.0.0.202111181127/tools/bin/../lib/gcc/arm-none-eabi/10.3.1/../../../../arm-none-eabi/lib/thumb/v7-m/nofp\libc_nano.a(lib_a-init.o)
 .ARM.attributes
                0x00000000000003c2       0x2d d:/st/stm32cubeide_1.10.1/stm32cubeide/plugins/com.st.stm32cube.ide.mcu.externaltools.gnu-tools-for-stm32.10.3-2021.10.win32_1.0.0.202111181127/tools/bin/../lib/gcc/arm-none-eabi/10.3.1/../../../../arm-none-eabi/lib/thumb/v7-m/nofp\libc_nano.a(lib_a-memset.o)
 .ARM.attributes
                0x00000000000003ef       0x1d d:/st/stm32cubeide_1.10.1/stm32cubeide/plugins/com.st.stm32cube.ide.mcu.externaltools.gnu-tools-for-stm32.10.3-2021.10.win32_1.0.0.202111181127/tools/bin/../lib/gcc/arm-none-eabi/10.3.1/thumb/v7-m/nofp/crtn.o
OUTPUT(Traffic_Light.elf elf32-littlearm)
LOAD linker stubs
LOAD d:/st/stm32cubeide_1.10.1/stm32cubeide/plugins/com.st.stm32cube.ide.mcu.externaltools.gnu-tools-for-stm32.10.3-2021.10.win32_1.0.0.202111181127/tools/bin/../lib/gcc/arm-none-eabi/10.3.1/../../../../arm-none-eabi/lib/thumb/v7-m/nofp\libc.a
LOAD d:/st/stm32cubeide_1.10.1/stm32cubeide/plugins/com.st.stm32cube.ide.mcu.externaltools.gnu-tools-for-stm32.10.3-2021.10.win32_1.0.0.202111181127/tools/bin/../lib/gcc/arm-none-eabi/10.3.1/../../../../arm-none-eabi/lib/thumb/v7-m/nofp\libm.a
LOAD d:/st/stm32cubeide_1.10.1/stm32cubeide/plugins/com.st.stm32cube.ide.mcu.externaltools.gnu-tools-for-stm32.10.3-2021.10.win32_1.0.0.202111181127/tools/bin/../lib/gcc/arm-none-eabi/10.3.1/thumb/v7-m/nofp\libgcc.a

.debug_info     0x0000000000000000     0x8eb1
 .debug_info    0x0000000000000000      0x18f ./Core/Src/fsm_automatic.o
 .debug_info    0x000000000000018f      0x119 ./Core/Src/global.o
 .debug_info    0x00000000000002a8      0x2d1 ./Core/Src/gpio.o
 .debug_info    0x0000000000000579      0x2c2 ./Core/Src/input_reading.o
 .debug_info    0x000000000000083b      0x8e0 ./Core/Src/main.o
 .debug_info    0x000000000000111b      0x34e ./Core/Src/seven_seg_processing.o
 .debug_info    0x0000000000001469      0x210 ./Core/Src/software_timer.o
 .debug_info    0x0000000000001679      0x210 ./Core/Src/stm32f1xx_hal_msp.o
 .debug_info    0x0000000000001889      0x6ea ./Core/Src/stm32f1xx_it.o
 .debug_info    0x0000000000001f73      0x23d ./Core/Src/system_stm32f1xx.o
 .debug_info    0x00000000000021b0      0x9e8 ./Core/Src/tim.o
 .debug_info    0x0000000000002b98      0x379 ./Core/Src/traffic_light_processing.o
 .debug_info    0x0000000000002f11       0x22 ./Core/Startup/startup_stm32f103c6ux.o
 .debug_info    0x0000000000002f33      0x716 ./Drivers/STM32F1xx_HAL_Driver/Src/stm32f1xx_hal.o
 .debug_info    0x0000000000003649      0xb02 ./Drivers/STM32F1xx_HAL_Driver/Src/stm32f1xx_hal_cortex.o
 .debug_info    0x000000000000414b      0x615 ./Drivers/STM32F1xx_HAL_Driver/Src/stm32f1xx_hal_gpio.o
 .debug_info    0x0000000000004760      0x860 ./Drivers/STM32F1xx_HAL_Driver/Src/stm32f1xx_hal_rcc.o
 .debug_info    0x0000000000004fc0     0x29de ./Drivers/STM32F1xx_HAL_Driver/Src/stm32f1xx_hal_tim.o
 .debug_info    0x000000000000799e     0x1513 ./Drivers/STM32F1xx_HAL_Driver/Src/stm32f1xx_hal_tim_ex.o

.debug_abbrev   0x0000000000000000     0x1db0
 .debug_abbrev  0x0000000000000000       0xeb ./Core/Src/fsm_automatic.o
 .debug_abbrev  0x00000000000000eb       0x91 ./Core/Src/global.o
 .debug_abbrev  0x000000000000017c      0x134 ./Core/Src/gpio.o
 .debug_abbrev  0x00000000000002b0      0x15f ./Core/Src/input_reading.o
 .debug_abbrev  0x000000000000040f      0x22e ./Core/Src/main.o
 .debug_abbrev  0x000000000000063d      0x18d ./Core/Src/seven_seg_processing.o
 .debug_abbrev  0x00000000000007ca       0xd5 ./Core/Src/software_timer.o
 .debug_abbrev  0x000000000000089f       0xd4 ./Core/Src/stm32f1xx_hal_msp.o
 .debug_abbrev  0x0000000000000973      0x184 ./Core/Src/stm32f1xx_it.o
 .debug_abbrev  0x0000000000000af7      0x13b ./Core/Src/system_stm32f1xx.o
 .debug_abbrev  0x0000000000000c32      0x1f7 ./Core/Src/tim.o
 .debug_abbrev  0x0000000000000e29      0x168 ./Core/Src/traffic_light_processing.o
 .debug_abbrev  0x0000000000000f91       0x12 ./Core/Startup/startup_stm32f103c6ux.o
 .debug_abbrev  0x0000000000000fa3      0x1fb ./Drivers/STM32F1xx_HAL_Driver/Src/stm32f1xx_hal.o
 .debug_abbrev  0x000000000000119e      0x2ed ./Drivers/STM32F1xx_HAL_Driver/Src/stm32f1xx_hal_cortex.o
 .debug_abbrev  0x000000000000148b      0x1bb ./Drivers/STM32F1xx_HAL_Driver/Src/stm32f1xx_hal_gpio.o
 .debug_abbrev  0x0000000000001646      0x2a8 ./Drivers/STM32F1xx_HAL_Driver/Src/stm32f1xx_hal_rcc.o
 .debug_abbrev  0x00000000000018ee      0x25d ./Drivers/STM32F1xx_HAL_Driver/Src/stm32f1xx_hal_tim.o
 .debug_abbrev  0x0000000000001b4b      0x265 ./Drivers/STM32F1xx_HAL_Driver/Src/stm32f1xx_hal_tim_ex.o

.debug_aranges  0x0000000000000000      0xaa8
 .debug_aranges
                0x0000000000000000       0x20 ./Core/Src/fsm_automatic.o
 .debug_aranges
                0x0000000000000020       0x18 ./Core/Src/global.o
 .debug_aranges
                0x0000000000000038       0x20 ./Core/Src/gpio.o
 .debug_aranges
                0x0000000000000058       0x30 ./Core/Src/input_reading.o
 .debug_aranges
                0x0000000000000088       0x38 ./Core/Src/main.o
 .debug_aranges
                0x00000000000000c0       0x38 ./Core/Src/seven_seg_processing.o
 .debug_aranges
                0x00000000000000f8       0x40 ./Core/Src/software_timer.o
 .debug_aranges
                0x0000000000000138       0x20 ./Core/Src/stm32f1xx_hal_msp.o
 .debug_aranges
                0x0000000000000158       0x68 ./Core/Src/stm32f1xx_it.o
 .debug_aranges
                0x00000000000001c0       0x28 ./Core/Src/system_stm32f1xx.o
 .debug_aranges
                0x00000000000001e8       0x30 ./Core/Src/tim.o
 .debug_aranges
                0x0000000000000218       0x68 ./Core/Src/traffic_light_processing.o
 .debug_aranges
                0x0000000000000280       0x28 ./Core/Startup/startup_stm32f103c6ux.o
 .debug_aranges
                0x00000000000002a8       0xe0 ./Drivers/STM32F1xx_HAL_Driver/Src/stm32f1xx_hal.o
 .debug_aranges
                0x0000000000000388      0x100 ./Drivers/STM32F1xx_HAL_Driver/Src/stm32f1xx_hal_cortex.o
 .debug_aranges
                0x0000000000000488       0x58 ./Drivers/STM32F1xx_HAL_Driver/Src/stm32f1xx_hal_gpio.o
 .debug_aranges
                0x00000000000004e0       0x90 ./Drivers/STM32F1xx_HAL_Driver/Src/stm32f1xx_hal_rcc.o
 .debug_aranges
                0x0000000000000570      0x3d0 ./Drivers/STM32F1xx_HAL_Driver/Src/stm32f1xx_hal_tim.o
 .debug_aranges
                0x0000000000000940      0x168 ./Drivers/STM32F1xx_HAL_Driver/Src/stm32f1xx_hal_tim_ex.o

.debug_ranges   0x0000000000000000      0x978
 .debug_ranges  0x0000000000000000       0x10 ./Core/Src/fsm_automatic.o
 .debug_ranges  0x0000000000000010       0x10 ./Core/Src/gpio.o
 .debug_ranges  0x0000000000000020       0x20 ./Core/Src/input_reading.o
 .debug_ranges  0x0000000000000040       0x28 ./Core/Src/main.o
 .debug_ranges  0x0000000000000068       0x28 ./Core/Src/seven_seg_processing.o
 .debug_ranges  0x0000000000000090       0x30 ./Core/Src/software_timer.o
 .debug_ranges  0x00000000000000c0       0x10 ./Core/Src/stm32f1xx_hal_msp.o
 .debug_ranges  0x00000000000000d0       0x58 ./Core/Src/stm32f1xx_it.o
 .debug_ranges  0x0000000000000128       0x18 ./Core/Src/system_stm32f1xx.o
 .debug_ranges  0x0000000000000140       0x20 ./Core/Src/tim.o
 .debug_ranges  0x0000000000000160       0x58 ./Core/Src/traffic_light_processing.o
 .debug_ranges  0x00000000000001b8       0x20 ./Core/Startup/startup_stm32f103c6ux.o
 .debug_ranges  0x00000000000001d8       0xd0 ./Drivers/STM32F1xx_HAL_Driver/Src/stm32f1xx_hal.o
 .debug_ranges  0x00000000000002a8       0xf0 ./Drivers/STM32F1xx_HAL_Driver/Src/stm32f1xx_hal_cortex.o
 .debug_ranges  0x0000000000000398       0x48 ./Drivers/STM32F1xx_HAL_Driver/Src/stm32f1xx_hal_gpio.o
 .debug_ranges  0x00000000000003e0       0x80 ./Drivers/STM32F1xx_HAL_Driver/Src/stm32f1xx_hal_rcc.o
 .debug_ranges  0x0000000000000460      0x3c0 ./Drivers/STM32F1xx_HAL_Driver/Src/stm32f1xx_hal_tim.o
 .debug_ranges  0x0000000000000820      0x158 ./Drivers/STM32F1xx_HAL_Driver/Src/stm32f1xx_hal_tim_ex.o

.debug_macro    0x0000000000000000    0x1717b
 .debug_macro   0x0000000000000000      0x1f8 ./Core/Src/fsm_automatic.o
 .debug_macro   0x00000000000001f8      0xa6c ./Core/Src/fsm_automatic.o
 .debug_macro   0x0000000000000c64      0x215 ./Core/Src/fsm_automatic.o
 .debug_macro   0x0000000000000e79       0x2e ./Core/Src/fsm_automatic.o
 .debug_macro   0x0000000000000ea7       0x22 ./Core/Src/fsm_automatic.o
 .debug_macro   0x0000000000000ec9       0x22 ./Core/Src/fsm_automatic.o
 .debug_macro   0x0000000000000eeb       0x8e ./Core/Src/fsm_automatic.o
 .debug_macro   0x0000000000000f79       0x51 ./Core/Src/fsm_automatic.o
 .debug_macro   0x0000000000000fca      0x103 ./Core/Src/fsm_automatic.o
 .debug_macro   0x00000000000010cd       0x6a ./Core/Src/fsm_automatic.o
 .debug_macro   0x0000000000001137      0x1df ./Core/Src/fsm_automatic.o
 .debug_macro   0x0000000000001316       0x1c ./Core/Src/fsm_automatic.o
 .debug_macro   0x0000000000001332       0x22 ./Core/Src/fsm_automatic.o
 .debug_macro   0x0000000000001354       0xbd ./Core/Src/fsm_automatic.o
 .debug_macro   0x0000000000001411      0xd23 ./Core/Src/fsm_automatic.o
 .debug_macro   0x0000000000002134     0xde75 ./Core/Src/fsm_automatic.o
 .debug_macro   0x000000000000ffa9       0x6d ./Core/Src/fsm_automatic.o
 .debug_macro   0x0000000000010016     0x3468 ./Core/Src/fsm_automatic.o
 .debug_macro   0x000000000001347e      0x174 ./Core/Src/fsm_automatic.o
 .debug_macro   0x00000000000135f2       0x5c ./Core/Src/fsm_automatic.o
 .debug_macro   0x000000000001364e      0x5be ./Core/Src/fsm_automatic.o
 .debug_macro   0x0000000000013c0c      0x1b7 ./Core/Src/fsm_automatic.o
 .debug_macro   0x0000000000013dc3      0x1cb ./Core/Src/fsm_automatic.o
 .debug_macro   0x0000000000013f8e      0x114 ./Core/Src/fsm_automatic.o
 .debug_macro   0x00000000000140a2      0x1b2 ./Core/Src/fsm_automatic.o
 .debug_macro   0x0000000000014254       0x27 ./Core/Src/fsm_automatic.o
 .debug_macro   0x000000000001427b      0x12f ./Core/Src/fsm_automatic.o
 .debug_macro   0x00000000000143aa      0x1bc ./Core/Src/fsm_automatic.o
 .debug_macro   0x0000000000014566       0x34 ./Core/Src/fsm_automatic.o
 .debug_macro   0x000000000001459a       0x3c ./Core/Src/fsm_automatic.o
 .debug_macro   0x00000000000145d6       0x57 ./Core/Src/fsm_automatic.o
 .debug_macro   0x000000000001462d       0x88 ./Core/Src/fsm_automatic.o
 .debug_macro   0x00000000000146b5      0x183 ./Core/Src/fsm_automatic.o
 .debug_macro   0x0000000000014838      0x141 ./Core/Src/fsm_automatic.o
 .debug_macro   0x0000000000014979      0x8d1 ./Core/Src/fsm_automatic.o
 .debug_macro   0x000000000001524a       0x69 ./Core/Src/fsm_automatic.o
 .debug_macro   0x00000000000152b3       0xf4 ./Core/Src/fsm_automatic.o
 .debug_macro   0x00000000000153a7       0x10 ./Core/Src/fsm_automatic.o
 .debug_macro   0x00000000000153b7      0x1ee ./Core/Src/global.o
 .debug_macro   0x00000000000155a5      0x1b1 ./Core/Src/gpio.o
 .debug_macro   0x0000000000015756      0x1c9 ./Core/Src/input_reading.o
 .debug_macro   0x000000000001591f      0x20d ./Core/Src/main.o
 .debug_macro   0x0000000000015b2c       0x10 ./Core/Src/main.o
 .debug_macro   0x0000000000015b3c      0x1dc ./Core/Src/seven_seg_processing.o
 .debug_macro   0x0000000000015d18      0x1c7 ./Core/Src/software_timer.o
 .debug_macro   0x0000000000015edf      0x1a7 ./Core/Src/stm32f1xx_hal_msp.o
 .debug_macro   0x0000000000016086      0x1b1 ./Core/Src/stm32f1xx_it.o
 .debug_macro   0x0000000000016237      0x198 ./Core/Src/system_stm32f1xx.o
 .debug_macro   0x00000000000163cf      0x1b1 ./Core/Src/tim.o
 .debug_macro   0x0000000000016580      0x1c9 ./Core/Src/traffic_light_processing.o
 .debug_macro   0x0000000000016749      0x1bc ./Drivers/STM32F1xx_HAL_Driver/Src/stm32f1xx_hal.o
 .debug_macro   0x0000000000016905      0x198 ./Drivers/STM32F1xx_HAL_Driver/Src/stm32f1xx_hal_cortex.o
 .debug_macro   0x0000000000016a9d      0x203 ./Drivers/STM32F1xx_HAL_Driver/Src/stm32f1xx_hal_gpio.o
 .debug_macro   0x0000000000016ca0      0x1aa ./Drivers/STM32F1xx_HAL_Driver/Src/stm32f1xx_hal_rcc.o
 .debug_macro   0x0000000000016e4a      0x199 ./Drivers/STM32F1xx_HAL_Driver/Src/stm32f1xx_hal_tim.o
 .debug_macro   0x0000000000016fe3      0x198 ./Drivers/STM32F1xx_HAL_Driver/Src/stm32f1xx_hal_tim_ex.o

.debug_line     0x0000000000000000     0xca23
 .debug_line    0x0000000000000000      0x755 ./Core/Src/fsm_automatic.o
 .debug_line    0x0000000000000755      0x6b7 ./Core/Src/global.o
 .debug_line    0x0000000000000e0c      0x67f ./Core/Src/gpio.o
 .debug_line    0x000000000000148b      0x6fb ./Core/Src/input_reading.o
 .debug_line    0x0000000000001b86      0x798 ./Core/Src/main.o
 .debug_line    0x000000000000231e      0x7a7 ./Core/Src/seven_seg_processing.o
 .debug_line    0x0000000000002ac5      0x757 ./Core/Src/software_timer.o
 .debug_line    0x000000000000321c      0x65a ./Core/Src/stm32f1xx_hal_msp.o
 .debug_line    0x0000000000003876      0x734 ./Core/Src/stm32f1xx_it.o
 .debug_line    0x0000000000003faa      0x6d8 ./Core/Src/system_stm32f1xx.o
 .debug_line    0x0000000000004682      0x6c7 ./Core/Src/tim.o
 .debug_line    0x0000000000004d49      0x75b ./Core/Src/traffic_light_processing.o
 .debug_line    0x00000000000054a4       0x87 ./Core/Startup/startup_stm32f103c6ux.o
 .debug_line    0x000000000000552b      0x905 ./Drivers/STM32F1xx_HAL_Driver/Src/stm32f1xx_hal.o
 .debug_line    0x0000000000005e30      0xaed ./Drivers/STM32F1xx_HAL_Driver/Src/stm32f1xx_hal_cortex.o
 .debug_line    0x000000000000691d      0x987 ./Drivers/STM32F1xx_HAL_Driver/Src/stm32f1xx_hal_gpio.o
 .debug_line    0x00000000000072a4      0xd13 ./Drivers/STM32F1xx_HAL_Driver/Src/stm32f1xx_hal_rcc.o
 .debug_line    0x0000000000007fb7     0x3271 ./Drivers/STM32F1xx_HAL_Driver/Src/stm32f1xx_hal_tim.o
 .debug_line    0x000000000000b228     0x17fb ./Drivers/STM32F1xx_HAL_Driver/Src/stm32f1xx_hal_tim_ex.o

.debug_str      0x0000000000000000    0x82282
 .debug_str     0x0000000000000000    0x7f441 ./Core/Src/fsm_automatic.o
                                      0x7f756 (size before relaxing)
 .debug_str     0x000000000007f441       0x39 ./Core/Src/global.o
                                      0x7f6ec (size before relaxing)
 .debug_str     0x000000000007f47a       0xf9 ./Core/Src/gpio.o
                                      0x7f6fc (size before relaxing)
 .debug_str     0x000000000007f573      0x160 ./Core/Src/input_reading.o
                                      0x7f7b7 (size before relaxing)
 .debug_str     0x000000000007f6d3      0x661 ./Core/Src/main.o
                                      0x7fdff (size before relaxing)
 .debug_str     0x000000000007fd34       0xcc ./Core/Src/seven_seg_processing.o
                                      0x7f7ce (size before relaxing)
 .debug_str     0x000000000007fe00       0x7f ./Core/Src/software_timer.o
                                      0x7f702 (size before relaxing)
 .debug_str     0x000000000007fe7f       0x5a ./Core/Src/stm32f1xx_hal_msp.o
                                      0x7f684 (size before relaxing)
 .debug_str     0x000000000007fed9       0xec ./Core/Src/stm32f1xx_it.o
                                      0x7fb8a (size before relaxing)
 .debug_str     0x000000000007ffc5       0x7e ./Core/Src/system_stm32f1xx.o
                                      0x7f36e (size before relaxing)
 .debug_str     0x0000000000080043      0x3ac ./Core/Src/tim.o
                                      0x7ff6b (size before relaxing)
 .debug_str     0x00000000000803ef       0xca ./Core/Src/traffic_light_processing.o
                                      0x7f78c (size before relaxing)
 .debug_str     0x00000000000804b9       0x36 ./Core/Startup/startup_stm32f103c6ux.o
                                         0x6c (size before relaxing)
 .debug_str     0x00000000000804ef      0x38e ./Drivers/STM32F1xx_HAL_Driver/Src/stm32f1xx_hal.o
                                      0x7fa67 (size before relaxing)
 .debug_str     0x000000000008087d      0x294 ./Drivers/STM32F1xx_HAL_Driver/Src/stm32f1xx_hal_cortex.o
                                      0x7f9b3 (size before relaxing)
 .debug_str     0x0000000000080b11      0x2e5 ./Drivers/STM32F1xx_HAL_Driver/Src/stm32f1xx_hal_gpio.o
                                      0x7f6f4 (size before relaxing)
 .debug_str     0x0000000000080df6      0x229 ./Drivers/STM32F1xx_HAL_Driver/Src/stm32f1xx_hal_rcc.o
                                      0x7f79d (size before relaxing)
 .debug_str     0x000000000008101f      0xdd0 ./Drivers/STM32F1xx_HAL_Driver/Src/stm32f1xx_hal_tim.o
                                      0x80788 (size before relaxing)
 .debug_str     0x0000000000081def      0x493 ./Drivers/STM32F1xx_HAL_Driver/Src/stm32f1xx_hal_tim_ex.o
                                      0x7ffa4 (size before relaxing)

.comment        0x0000000000000000       0x50
 .comment       0x0000000000000000       0x50 ./Core/Src/fsm_automatic.o
                                         0x51 (size before relaxing)
 .comment       0x0000000000000050       0x51 ./Core/Src/global.o
 .comment       0x0000000000000050       0x51 ./Core/Src/gpio.o
 .comment       0x0000000000000050       0x51 ./Core/Src/input_reading.o
 .comment       0x0000000000000050       0x51 ./Core/Src/main.o
 .comment       0x0000000000000050       0x51 ./Core/Src/seven_seg_processing.o
 .comment       0x0000000000000050       0x51 ./Core/Src/software_timer.o
 .comment       0x0000000000000050       0x51 ./Core/Src/stm32f1xx_hal_msp.o
 .comment       0x0000000000000050       0x51 ./Core/Src/stm32f1xx_it.o
 .comment       0x0000000000000050       0x51 ./Core/Src/system_stm32f1xx.o
 .comment       0x0000000000000050       0x51 ./Core/Src/tim.o
 .comment       0x0000000000000050       0x51 ./Core/Src/traffic_light_processing.o
 .comment       0x0000000000000050       0x51 ./Drivers/STM32F1xx_HAL_Driver/Src/stm32f1xx_hal.o
 .comment       0x0000000000000050       0x51 ./Drivers/STM32F1xx_HAL_Driver/Src/stm32f1xx_hal_cortex.o
 .comment       0x0000000000000050       0x51 ./Drivers/STM32F1xx_HAL_Driver/Src/stm32f1xx_hal_gpio.o
 .comment       0x0000000000000050       0x51 ./Drivers/STM32F1xx_HAL_Driver/Src/stm32f1xx_hal_rcc.o
 .comment       0x0000000000000050       0x51 ./Drivers/STM32F1xx_HAL_Driver/Src/stm32f1xx_hal_tim.o
 .comment       0x0000000000000050       0x51 ./Drivers/STM32F1xx_HAL_Driver/Src/stm32f1xx_hal_tim_ex.o

.debug_frame    0x0000000000000000     0x2994
 .debug_frame   0x0000000000000000       0x34 ./Core/Src/fsm_automatic.o
 .debug_frame   0x0000000000000034       0x34 ./Core/Src/gpio.o
 .debug_frame   0x0000000000000068       0x84 ./Core/Src/input_reading.o
 .debug_frame   0x00000000000000ec       0x90 ./Core/Src/main.o
 .debug_frame   0x000000000000017c       0x9c ./Core/Src/seven_seg_processing.o
 .debug_frame   0x0000000000000218       0xd8 ./Core/Src/software_timer.o
 .debug_frame   0x00000000000002f0       0x38 ./Core/Src/stm32f1xx_hal_msp.o
 .debug_frame   0x0000000000000328      0x120 ./Core/Src/stm32f1xx_it.o
 .debug_frame   0x0000000000000448       0x58 ./Core/Src/system_stm32f1xx.o
 .debug_frame   0x00000000000004a0       0x7c ./Core/Src/tim.o
 .debug_frame   0x000000000000051c      0x178 ./Core/Src/traffic_light_processing.o
 .debug_frame   0x0000000000000694      0x334 ./Drivers/STM32F1xx_HAL_Driver/Src/stm32f1xx_hal.o
 .debug_frame   0x00000000000009c8      0x428 ./Drivers/STM32F1xx_HAL_Driver/Src/stm32f1xx_hal_cortex.o
 .debug_frame   0x0000000000000df0      0x14c ./Drivers/STM32F1xx_HAL_Driver/Src/stm32f1xx_hal_gpio.o
 .debug_frame   0x0000000000000f3c      0x21c ./Drivers/STM32F1xx_HAL_Driver/Src/stm32f1xx_hal_rcc.o
 .debug_frame   0x0000000000001158     0x11b8 ./Drivers/STM32F1xx_HAL_Driver/Src/stm32f1xx_hal_tim.o
 .debug_frame   0x0000000000002310      0x638 ./Drivers/STM32F1xx_HAL_Driver/Src/stm32f1xx_hal_tim_ex.o
 .debug_frame   0x0000000000002948       0x2c d:/st/stm32cubeide_1.10.1/stm32cubeide/plugins/com.st.stm32cube.ide.mcu.externaltools.gnu-tools-for-stm32.10.3-2021.10.win32_1.0.0.202111181127/tools/bin/../lib/gcc/arm-none-eabi/10.3.1/../../../../arm-none-eabi/lib/thumb/v7-m/nofp\libc_nano.a(lib_a-init.o)
 .debug_frame   0x0000000000002974       0x20 d:/st/stm32cubeide_1.10.1/stm32cubeide/plugins/com.st.stm32cube.ide.mcu.externaltools.gnu-tools-for-stm32.10.3-2021.10.win32_1.0.0.202111181127/tools/bin/../lib/gcc/arm-none-eabi/10.3.1/../../../../arm-none-eabi/lib/thumb/v7-m/nofp\libc_nano.a(lib_a-memset.o)
