Archive member included to satisfy reference by file (symbol)

d:/st/stm32cubeide_1.10.1/stm32cubeide/plugins/com.st.stm32cube.ide.mcu.externaltools.gnu-tools-for-stm32.10.3-2021.10.win32_1.0.0.202111181127/tools/bin/../lib/gcc/arm-none-eabi/10.3.1/../../../../arm-none-eabi/lib/thumb/v7-m/nofp\libc_nano.a(lib_a-errno.o)
                              ./Core/Src/syscalls.o (__errno)
d:/st/stm32cubeide_1.10.1/stm32cubeide/plugins/com.st.stm32cube.ide.mcu.externaltools.gnu-tools-for-stm32.10.3-2021.10.win32_1.0.0.202111181127/tools/bin/../lib/gcc/arm-none-eabi/10.3.1/../../../../arm-none-eabi/lib/thumb/v7-m/nofp\libc_nano.a(lib_a-exit.o)
                              d:/st/stm32cubeide_1.10.1/stm32cubeide/plugins/com.st.stm32cube.ide.mcu.externaltools.gnu-tools-for-stm32.10.3-2021.10.win32_1.0.0.202111181127/tools/bin/../lib/gcc/arm-none-eabi/10.3.1/../../../../arm-none-eabi/lib/thumb/v7-m/nofp/crt0.o (exit)
d:/st/stm32cubeide_1.10.1/stm32cubeide/plugins/com.st.stm32cube.ide.mcu.externaltools.gnu-tools-for-stm32.10.3-2021.10.win32_1.0.0.202111181127/tools/bin/../lib/gcc/arm-none-eabi/10.3.1/../../../../arm-none-eabi/lib/thumb/v7-m/nofp\libc_nano.a(lib_a-impure.o)
                              d:/st/stm32cubeide_1.10.1/stm32cubeide/plugins/com.st.stm32cube.ide.mcu.externaltools.gnu-tools-for-stm32.10.3-2021.10.win32_1.0.0.202111181127/tools/bin/../lib/gcc/arm-none-eabi/10.3.1/../../../../arm-none-eabi/lib/thumb/v7-m/nofp\libc_nano.a(lib_a-exit.o) (_global_impure_ptr)
d:/st/stm32cubeide_1.10.1/stm32cubeide/plugins/com.st.stm32cube.ide.mcu.externaltools.gnu-tools-for-stm32.10.3-2021.10.win32_1.0.0.202111181127/tools/bin/../lib/gcc/arm-none-eabi/10.3.1/../../../../arm-none-eabi/lib/thumb/v7-m/nofp\libc_nano.a(lib_a-init.o)
                              d:/st/stm32cubeide_1.10.1/stm32cubeide/plugins/com.st.stm32cube.ide.mcu.externaltools.gnu-tools-for-stm32.10.3-2021.10.win32_1.0.0.202111181127/tools/bin/../lib/gcc/arm-none-eabi/10.3.1/../../../../arm-none-eabi/lib/thumb/v7-m/nofp/crt0.o (__libc_init_array)
d:/st/stm32cubeide_1.10.1/stm32cubeide/plugins/com.st.stm32cube.ide.mcu.externaltools.gnu-tools-for-stm32.10.3-2021.10.win32_1.0.0.202111181127/tools/bin/../lib/gcc/arm-none-eabi/10.3.1/../../../../arm-none-eabi/lib/thumb/v7-m/nofp\libc_nano.a(lib_a-memset.o)
                              d:/st/stm32cubeide_1.10.1/stm32cubeide/plugins/com.st.stm32cube.ide.mcu.externaltools.gnu-tools-for-stm32.10.3-2021.10.win32_1.0.0.202111181127/tools/bin/../lib/gcc/arm-none-eabi/10.3.1/../../../../arm-none-eabi/lib/thumb/v7-m/nofp/crt0.o (memset)

Discarded input sections

 .text          0x0000000000000000        0x0 d:/st/stm32cubeide_1.10.1/stm32cubeide/plugins/com.st.stm32cube.ide.mcu.externaltools.gnu-tools-for-stm32.10.3-2021.10.win32_1.0.0.202111181127/tools/bin/../lib/gcc/arm-none-eabi/10.3.1/thumb/v7-m/nofp/crti.o
 .data          0x0000000000000000        0x0 d:/st/stm32cubeide_1.10.1/stm32cubeide/plugins/com.st.stm32cube.ide.mcu.externaltools.gnu-tools-for-stm32.10.3-2021.10.win32_1.0.0.202111181127/tools/bin/../lib/gcc/arm-none-eabi/10.3.1/thumb/v7-m/nofp/crti.o
 .bss           0x0000000000000000        0x0 d:/st/stm32cubeide_1.10.1/stm32cubeide/plugins/com.st.stm32cube.ide.mcu.externaltools.gnu-tools-for-stm32.10.3-2021.10.win32_1.0.0.202111181127/tools/bin/../lib/gcc/arm-none-eabi/10.3.1/thumb/v7-m/nofp/crti.o
 .data          0x0000000000000000        0x4 d:/st/stm32cubeide_1.10.1/stm32cubeide/plugins/com.st.stm32cube.ide.mcu.externaltools.gnu-tools-for-stm32.10.3-2021.10.win32_1.0.0.202111181127/tools/bin/../lib/gcc/arm-none-eabi/10.3.1/thumb/v7-m/nofp/crtbegin.o
 .rodata        0x0000000000000000       0x24 d:/st/stm32cubeide_1.10.1/stm32cubeide/plugins/com.st.stm32cube.ide.mcu.externaltools.gnu-tools-for-stm32.10.3-2021.10.win32_1.0.0.202111181127/tools/bin/../lib/gcc/arm-none-eabi/10.3.1/thumb/v7-m/nofp/crtbegin.o
 .text          0x0000000000000000       0x7c d:/st/stm32cubeide_1.10.1/stm32cubeide/plugins/com.st.stm32cube.ide.mcu.externaltools.gnu-tools-for-stm32.10.3-2021.10.win32_1.0.0.202111181127/tools/bin/../lib/gcc/arm-none-eabi/10.3.1/../../../../arm-none-eabi/lib/thumb/v7-m/nofp/crt0.o
 .data          0x0000000000000000        0x0 d:/st/stm32cubeide_1.10.1/stm32cubeide/plugins/com.st.stm32cube.ide.mcu.externaltools.gnu-tools-for-stm32.10.3-2021.10.win32_1.0.0.202111181127/tools/bin/../lib/gcc/arm-none-eabi/10.3.1/../../../../arm-none-eabi/lib/thumb/v7-m/nofp/crt0.o
 .bss           0x0000000000000000        0x0 d:/st/stm32cubeide_1.10.1/stm32cubeide/plugins/com.st.stm32cube.ide.mcu.externaltools.gnu-tools-for-stm32.10.3-2021.10.win32_1.0.0.202111181127/tools/bin/../lib/gcc/arm-none-eabi/10.3.1/../../../../arm-none-eabi/lib/thumb/v7-m/nofp/crt0.o
[...]
Memory Configuration

Name             Origin             Length             Attributes
RAM              0x0000000020000000 0x0000000000002800 xrw
FLASH            0x0000000008000000 0x0000000000008000 xr
*default*        0x0000000000000000 0xffffffffffffffff

Linker script and memory map

LOAD d:/st/stm32cubeide_1.10.1/stm32cubeide/plugins/com.st.stm32cube.ide.mcu.externaltools.gnu-tools-for-stm32.10.3-2021.10.win32_1.0.0.202111181127/tools/bin/../lib/gcc/arm-none-eabi/10.3.1/thumb/v7-m/nofp/crti.o
LOAD d:/st/stm32cubeide_1.10.1/stm32cubeide/plugins/com.st.stm32cube.ide.mcu.externaltools.gnu-tools-for-stm32.10.3-2021.10.win32_1.0.0.202111181127/tools/bin/../lib/gcc/arm-none-eabi/10.3.1/thumb/v7-m/nofp/crtbegin.o
LOAD d:/st/stm32cubeide_1.10.1/stm32cubeide/plugins/com.st.stm32cube.ide.mcu.externaltools.gnu-tools-for-stm32.10.3-2021.10.win32_1.0.0.202111181127/tools/bin/../lib/gcc/arm-none-eabi/10.3.1/../../../../arm-none-eabi/lib/thumb/v7-m/nofp/crt0.o
LOAD ./Core/Src/fsm_for_multi_mode.o
LOAD ./Core/Src/global.o
LOAD ./Core/Src/gpio.o
LOAD ./Core/Src/input_reading.o
LOAD ./Core/Src/main.o
LOAD ./Core/Src/seven_seg_processing.o
LOAD ./Core/Src/software_timer.o
LOAD ./Core/Src/stm32f1xx_hal_msp.o
LOAD ./Core/Src/stm32f1xx_it.o
LOAD ./Core/Src/syscalls.o
LOAD ./Core/Src/sysmem.o
LOAD ./Core/Src/system_stm32f1xx.o
LOAD ./Core/Src/tim.o
LOAD ./Core/Src/traffic_light_processing.o
LOAD ./Core/Startup/startup_stm32f103c6ux.o
LOAD ./Drivers/STM32F1xx_HAL_Driver/Src/stm32f1xx_hal.o
LOAD ./Drivers/STM32F1xx_HAL_Driver/Src/stm32f1xx_hal_cortex.o
LOAD ./Drivers/STM32F1xx_HAL_Driver/Src/stm32f1xx_hal_dma.o
LOAD ./Drivers/STM32F1xx_HAL_Driver/Src/stm32f1xx_hal_exti.o
LOAD ./Drivers/STM32F1xx_HAL_Driver/Src/stm32f1xx_hal_flash.o
LOAD ./Drivers/STM32F1xx_HAL_Driver/Src/stm32f1xx_hal_flash_ex.o
LOAD ./Drivers/STM32F1xx_HAL_Driver/Src/stm32f1xx_hal_gpio.o
LOAD ./Drivers/STM32F1xx_HAL_Driver/Src/stm32f1xx_hal_gpio_ex.o
LOAD ./Drivers/STM32F1xx_HAL_Driver/Src/stm32f1xx_hal_pwr.o
LOAD ./Drivers/STM32F1xx_HAL_Driver/Src/stm32f1xx_hal_rcc.o
LOAD ./Drivers/STM32F1xx_HAL_Driver/Src/stm32f1xx_hal_rcc_ex.o
LOAD ./Drivers/STM32F1xx_HAL_Driver/Src/stm32f1xx_hal_tim.o
LOAD ./Drivers/STM32F1xx_HAL_Driver/Src/stm32f1xx_hal_tim_ex.o
START GROUP
LOAD d:/st/stm32cubeide_1.10.1/stm32cubeide/plugins/com.st.stm32cube.ide.mcu.externaltools.gnu-tools-for-stm32.10.3-2021.10.win32_1.0.0.202111181127/tools/bin/../lib/gcc/arm-none-eabi/10.3.1/../../../../arm-none-eabi/lib/thumb/v7-m/nofp\libc_nano.a
LOAD d:/st/stm32cubeide_1.10.1/stm32cubeide/plugins/com.st.stm32cube.ide.mcu.externaltools.gnu-tools-for-stm32.10.3-2021.10.win32_1.0.0.202111181127/tools/bin/../lib/gcc/arm-none-eabi/10.3.1/../../../../arm-none-eabi/lib/thumb/v7-m/nofp\libm.a
END GROUP
START GROUP
LOAD d:/st/stm32cubeide_1.10.1/stm32cubeide/plugins/com.st.stm32cube.ide.mcu.externaltools.gnu-tools-for-stm32.10.3-2021.10.win32_1.0.0.202111181127/tools/bin/../lib/gcc/arm-none-eabi/10.3.1/thumb/v7-m/nofp\libgcc.a
LOAD d:/st/stm32cubeide_1.10.1/stm32cubeide/plugins/com.st.stm32cube.ide.mcu.externaltools.gnu-tools-for-stm32.10.3-2021.10.win32_1.0.0.202111181127/tools/bin/../lib/gcc/arm-none-eabi/10.3.1/../../../../arm-none-eabi/lib/thumb/v7-m/nofp\libc_nano.a
END GROUP
START GROUP
LOAD d:/st/stm32cubeide_1.10.1/stm32cubeide/plugins/com.st.stm32cube.ide.mcu.externaltools.gnu-tools-for-stm32.10.3-2021.10.win32_1.0.0.202111181127/tools/bin/../lib/gcc/arm-none-eabi/10.3.1/thumb/v7-m/nofp\libgcc.a
LOAD d:/st/stm32cubeide_1.10.1/stm32cubeide/plugins/com.st.stm32cube.ide.mcu.externaltools.gnu-tools-for-stm32.10.3-2021.10.win32_1.0.0.202111181127/tools/bin/../lib/gcc/arm-none-eabi/10.3.1/../../../../arm-none-eabi/lib/thumb/v7-m/nofp\libc_nano.a
LOAD d:/st/stm32cubeide_1.10.1/stm32cubeide/plugins/com.st.stm32cube.ide.mcu.externaltools.gnu-tools-for-stm32.10.3-2021.10.win32_1.0.0.202111181127/tools/bin/../lib/gcc/arm-none-eabi/10.3.1/../../../../arm-none-eabi/lib/thumb/v7-m/nofp\libnosys.a
END GROUP
START GROUP
LOAD d:/st/stm32cubeide_1.10.1/stm32cubeide/plugins/com.st.stm32cube.ide.mcu.externaltools.gnu-tools-for-stm32.10.3-2021.10.win32_1.0.0.202111181127/tools/bin/../lib/gcc/arm-none-eabi/10.3.1/thumb/v7-m/nofp\libgcc.a
LOAD d:/st/stm32cubeide_1.10.1/stm32cubeide/plugins/com.st.stm32cube.ide.mcu.externaltools.gnu-tools-for-stm32.10.3-2021.10.win32_1.0.0.202111181127/tools/bin/../lib/gcc/arm-none-eabi/10.3.1/../../../../arm-none-eabi/lib/thumb/v7-m/nofp\libc_nano.a
LOAD d:/st/stm32cubeide_1.10.1/stm32cubeide/plugins/com.st.stm32cube.ide.mcu.externaltools.gnu-tools-for-stm32.10.3-2021.10.win32_1.0.0.202111181127/tools/bin/../lib/gcc/arm-none-eabi/10.3.1/../../../../arm-none-eabi/lib/thumb/v7-m/nofp\libnosys.a
END GROUP
LOAD d:/st/stm32cubeide_1.10.1/stm32cubeide/plugins/com.st.stm32cube.ide.mcu.externaltools.gnu-tools-for-stm32.10.3-2021.10.win32_1.0.0.202111181127/tools/bin/../lib/gcc/arm-none-eabi/10.3.1/thumb/v7-m/nofp/crtend.o
LOAD d:/st/stm32cubeide_1.10.1/stm32cubeide/plugins/com.st.stm32cube.ide.mcu.externaltools.gnu-tools-for-stm32.10.3-2021.10.win32_1.0.0.202111181127/tools/bin/../lib/gcc/arm-none-eabi/10.3.1/thumb/v7-m/nofp/crtn.o
                0x0000000020002800                _estack = (ORIGIN (RAM) + LENGTH (RAM))
                0x0000000000000200                _Min_Heap_Size = 0x200
                0x0000000000000400                _Min_Stack_Size = 0x400

.isr_vector     0x0000000008000000      0x10c
                0x0000000008000000                . = ALIGN (0x4)
 *(.isr_vector)
 .isr_vector    0x0000000008000000      0x10c ./Core/Startup/startup_stm32f103c6ux.o
                0x0000000008000000                g_pfnVectors
                0x000000000800010c                . = ALIGN (0x4)

.text           0x000000000800010c     0x2860
                0x000000000800010c                . = ALIGN (0x4)
 *(.text)
 .text          0x000000000800010c       0x40 d:/st/stm32cubeide_1.10.1/stm32cubeide/plugins/com.st.stm32cube.ide.mcu.externaltools.gnu-tools-for-stm32.10.3-2021.10.win32_1.0.0.202111181127/tools/bin/../lib/gcc/arm-none-eabi/10.3.1/thumb/v7-m/nofp/crtbegin.o
 *(.text*)
 .text.fsm_multi_mode_run
                0x000000000800014c      0x47c ./Core/Src/fsm_for_multi_mode.o
                0x000000000800014c                fsm_multi_mode_run
 .text.MX_GPIO_Init
                0x00000000080005c8       0xc4 ./Core/Src/gpio.o
                0x00000000080005c8                MX_GPIO_Init
 .text.button_reading
                0x000000000800068c      0x148 ./Core/Src/input_reading.o
                0x000000000800068c                button_reading
 .text.is_button_pressed
                0x00000000080007d4       0x44 ./Core/Src/input_reading.o
                0x00000000080007d4                is_button_pressed
 .text.main     0x0000000008000818       0x24 ./Core/Src/main.o
                0x0000000008000818                main
 .text.SystemClock_Config
                0x000000000800083c       0x76 ./Core/Src/main.o
                0x000000000800083c                SystemClock_Config
 .text.HAL_TIM_PeriodElapsedCallback
                0x00000000080008b2       0x22 ./Core/Src/main.o
                0x00000000080008b2                HAL_TIM_PeriodElapsedCallback
 .text.Error_Handler
                0x00000000080008d4        0xa ./Core/Src/main.o
                0x00000000080008d4                Error_Handler
 *fill*         0x00000000080008de        0x2 
 .text.driver7SEG
                0x00000000080008e0       0x6c ./Core/Src/seven_seg_processing.o
                0x00000000080008e0                driver7SEG
 .text.enable7SEG
                0x000000000800094c       0x6c ./Core/Src/seven_seg_processing.o
                0x000000000800094c                enable7SEG
 .text.updateCountdownBuffer
                0x00000000080009b8       0x84 ./Core/Src/seven_seg_processing.o
                0x00000000080009b8                updateCountdownBuffer
 .text.updateTimeBuffer
                0x0000000008000a3c       0x48 ./Core/Src/seven_seg_processing.o
                0x0000000008000a3c                updateTimeBuffer
 .text.updateModeBuffer
                0x0000000008000a84       0x48 ./Core/Src/seven_seg_processing.o
                0x0000000008000a84                updateModeBuffer
 .text.display7SEG
                0x0000000008000acc       0x38 ./Core/Src/seven_seg_processing.o
                0x0000000008000acc                display7SEG
 .text.scan7SEG
                0x0000000008000b04       0x44 ./Core/Src/seven_seg_processing.o
                0x0000000008000b04                scan7SEG
 .text.reset7SEGIndex
                0x0000000008000b48       0x18 ./Core/Src/seven_seg_processing.o
                0x0000000008000b48                reset7SEGIndex
 .text.setTrafficTimer
                0x0000000008000b60       0x38 ./Core/Src/software_timer.o
                0x0000000008000b60                setTrafficTimer
 .text.setTimer1
                0x0000000008000b98       0x38 ./Core/Src/software_timer.o
                0x0000000008000b98                setTimer1
 .text.setTimer2
                0x0000000008000bd0       0x38 ./Core/Src/software_timer.o
                0x0000000008000bd0                setTimer2
 .text.timerRun
                0x0000000008000c08       0xac ./Core/Src/software_timer.o
                0x0000000008000c08                timerRun
 .text.HAL_MspInit
                0x0000000008000cb4       0x64 ./Core/Src/stm32f1xx_hal_msp.o
                0x0000000008000cb4                HAL_MspInit
 .text.NMI_Handler
                0x0000000008000d18        0x6 ./Core/Src/stm32f1xx_it.o
                0x0000000008000d18                NMI_Handler
 .text.HardFault_Handler
                0x0000000008000d1e        0x6 ./Core/Src/stm32f1xx_it.o
                0x0000000008000d1e                HardFault_Handler
 .text.MemManage_Handler
                0x0000000008000d24        0x6 ./Core/Src/stm32f1xx_it.o
                0x0000000008000d24                MemManage_Handler
 .text.BusFault_Handler
                0x0000000008000d2a        0x6 ./Core/Src/stm32f1xx_it.o
                0x0000000008000d2a                BusFault_Handler
 .text.UsageFault_Handler
                0x0000000008000d30        0x6 ./Core/Src/stm32f1xx_it.o
                0x0000000008000d30                UsageFault_Handler
 .text.SVC_Handler
                0x0000000008000d36        0xc ./Core/Src/stm32f1xx_it.o
                0x0000000008000d36                SVC_Handler
 .text.DebugMon_Handler
                0x0000000008000d42        0xc ./Core/Src/stm32f1xx_it.o
                0x0000000008000d42                DebugMon_Handler
 .text.PendSV_Handler
                0x0000000008000d4e        0xc ./Core/Src/stm32f1xx_it.o
                0x0000000008000d4e                PendSV_Handler
 .text.SysTick_Handler
                0x0000000008000d5a        0xc ./Core/Src/stm32f1xx_it.o
                0x0000000008000d5a                SysTick_Handler
 *fill*         0x0000000008000d66        0x2 
 .text.TIM2_IRQHandler
                0x0000000008000d68       0x14 ./Core/Src/stm32f1xx_it.o
                0x0000000008000d68                TIM2_IRQHandler
 .text.SystemInit
                0x0000000008000d7c        0xc ./Core/Src/system_stm32f1xx.o
                0x0000000008000d7c                SystemInit
 .text.MX_TIM2_Init
                0x0000000008000d88       0x98 ./Core/Src/tim.o
                0x0000000008000d88                MX_TIM2_Init
 .text.HAL_TIM_Base_MspInit
                0x0000000008000e20       0x48 ./Core/Src/tim.o
                0x0000000008000e20                HAL_TIM_Base_MspInit
 .text.allOff   0x0000000008000e68       0x70 ./Core/Src/traffic_light_processing.o
                0x0000000008000e68                allOff
 .text.redLight
                0x0000000008000ed8       0x70 ./Core/Src/traffic_light_processing.o
                0x0000000008000ed8                redLight
 .text.yelLight
                0x0000000008000f48       0x70 ./Core/Src/traffic_light_processing.o
                0x0000000008000f48                yelLight
 .text.grnLight
                0x0000000008000fb8       0x70 ./Core/Src/traffic_light_processing.o
                0x0000000008000fb8                grnLight
 .text.yelBlink
                0x0000000008001028       0x84 ./Core/Src/traffic_light_processing.o
                0x0000000008001028                yelBlink
 .text.grnBlink
                0x00000000080010ac       0x84 ./Core/Src/traffic_light_processing.o
                0x00000000080010ac                grnBlink
 .text.getRedTime
                0x0000000008001130       0x1c ./Core/Src/traffic_light_processing.o
                0x0000000008001130                getRedTime
 .text.getYelTime
                0x000000000800114c       0x1c ./Core/Src/traffic_light_processing.o
                0x000000000800114c                getYelTime
 .text.getGrnTime
                0x0000000008001168       0x1c ./Core/Src/traffic_light_processing.o
                0x0000000008001168                getGrnTime
 .text.setCountdown
                0x0000000008001184       0x5c ./Core/Src/traffic_light_processing.o
                0x0000000008001184                setCountdown
 .text.updateCountdown
                0x00000000080011e0       0x38 ./Core/Src/traffic_light_processing.o
                0x00000000080011e0                updateCountdown
 .text.getCountdown
                0x0000000008001218       0x38 ./Core/Src/traffic_light_processing.o
                0x0000000008001218                getCountdown
 .text.updateRedTime
                0x0000000008001250       0x28 ./Core/Src/traffic_light_processing.o
                0x0000000008001250                updateRedTime
 .text.updateYelTime
                0x0000000008001278       0x1c ./Core/Src/traffic_light_processing.o
                0x0000000008001278                updateYelTime
 .text.updateGrnTime
                0x0000000008001294       0x1c ./Core/Src/traffic_light_processing.o
                0x0000000008001294                updateGrnTime
 .text.Reset_Handler
                0x00000000080012b0       0x48 ./Core/Startup/startup_stm32f103c6ux.o
                0x00000000080012b0                Reset_Handler
 .text.Default_Handler
                0x00000000080012f8        0x2 ./Core/Startup/startup_stm32f103c6ux.o
                0x00000000080012f8                RTC_Alarm_IRQHandler
                0x00000000080012f8                EXTI2_IRQHandler
                0x00000000080012f8                TIM1_CC_IRQHandler
                0x00000000080012f8                PVD_IRQHandler
                0x00000000080012f8                EXTI3_IRQHandler
                0x00000000080012f8                EXTI0_IRQHandler
                0x00000000080012f8                ADC1_2_IRQHandler
                0x00000000080012f8                SPI1_IRQHandler
                0x00000000080012f8                TAMPER_IRQHandler
                0x00000000080012f8                DMA1_Channel4_IRQHandler
                0x00000000080012f8                RTC_IRQHandler
                0x00000000080012f8                DMA1_Channel7_IRQHandler
                0x00000000080012f8                CAN1_RX1_IRQHandler
                0x00000000080012f8                I2C1_EV_IRQHandler
                0x00000000080012f8                DMA1_Channel6_IRQHandler
                0x00000000080012f8                TIM3_IRQHandler
                0x00000000080012f8                RCC_IRQHandler
                0x00000000080012f8                TIM1_TRG_COM_IRQHandler
                0x00000000080012f8                DMA1_Channel1_IRQHandler
                0x00000000080012f8                Default_Handler
                0x00000000080012f8                EXTI15_10_IRQHandler
                0x00000000080012f8                EXTI9_5_IRQHandler
                0x00000000080012f8                DMA1_Channel5_IRQHandler
                0x00000000080012f8                EXTI4_IRQHandler
                0x00000000080012f8                USB_LP_CAN1_RX0_IRQHandler
                0x00000000080012f8                USB_HP_CAN1_TX_IRQHandler
                0x00000000080012f8                DMA1_Channel3_IRQHandler
                0x00000000080012f8                TIM1_UP_IRQHandler
                0x00000000080012f8                WWDG_IRQHandler
                0x00000000080012f8                TIM1_BRK_IRQHandler
                0x00000000080012f8                EXTI1_IRQHandler
                0x00000000080012f8                USART2_IRQHandler
                0x00000000080012f8                DMA1_Channel2_IRQHandler
                0x00000000080012f8                CAN1_SCE_IRQHandler
                0x00000000080012f8                FLASH_IRQHandler
                0x00000000080012f8                USART1_IRQHandler
                0x00000000080012f8                I2C1_ER_IRQHandler
                0x00000000080012f8                USBWakeUp_IRQHandler
 *fill*         0x00000000080012fa        0x2 
 .text.HAL_Init
                0x00000000080012fc       0x2c ./Drivers/STM32F1xx_HAL_Driver/Src/stm32f1xx_hal.o
                0x00000000080012fc                HAL_Init
 .text.HAL_InitTick
                0x0000000008001328       0x60 ./Drivers/STM32F1xx_HAL_Driver/Src/stm32f1xx_hal.o
                0x0000000008001328                HAL_InitTick
 .text.HAL_IncTick
                0x0000000008001388       0x24 ./Drivers/STM32F1xx_HAL_Driver/Src/stm32f1xx_hal.o
                0x0000000008001388                HAL_IncTick
 .text.HAL_GetTick
                0x00000000080013ac       0x14 ./Drivers/STM32F1xx_HAL_Driver/Src/stm32f1xx_hal.o
                0x00000000080013ac                HAL_GetTick
 .text.__NVIC_SetPriorityGrouping
                0x00000000080013c0       0x48 ./Drivers/STM32F1xx_HAL_Driver/Src/stm32f1xx_hal_cortex.o
 .text.__NVIC_GetPriorityGrouping
                0x0000000008001408       0x1c ./Drivers/STM32F1xx_HAL_Driver/Src/stm32f1xx_hal_cortex.o
 .text.__NVIC_EnableIRQ
                0x0000000008001424       0x38 ./Drivers/STM32F1xx_HAL_Driver/Src/stm32f1xx_hal_cortex.o
 .text.__NVIC_SetPriority
                0x000000000800145c       0x54 ./Drivers/STM32F1xx_HAL_Driver/Src/stm32f1xx_hal_cortex.o
 .text.NVIC_EncodePriority
                0x00000000080014b0       0x64 ./Drivers/STM32F1xx_HAL_Driver/Src/stm32f1xx_hal_cortex.o
 .text.SysTick_Config
                0x0000000008001514       0x44 ./Drivers/STM32F1xx_HAL_Driver/Src/stm32f1xx_hal_cortex.o
 .text.HAL_NVIC_SetPriorityGrouping
                0x0000000008001558       0x16 ./Drivers/STM32F1xx_HAL_Driver/Src/stm32f1xx_hal_cortex.o
                0x0000000008001558                HAL_NVIC_SetPriorityGrouping
 .text.HAL_NVIC_SetPriority
                0x000000000800156e       0x38 ./Drivers/STM32F1xx_HAL_Driver/Src/stm32f1xx_hal_cortex.o
                0x000000000800156e                HAL_NVIC_SetPriority
 .text.HAL_NVIC_EnableIRQ
                0x00000000080015a6       0x1c ./Drivers/STM32F1xx_HAL_Driver/Src/stm32f1xx_hal_cortex.o
                0x00000000080015a6                HAL_NVIC_EnableIRQ
 .text.HAL_SYSTICK_Config
                0x00000000080015c2       0x18 ./Drivers/STM32F1xx_HAL_Driver/Src/stm32f1xx_hal_cortex.o
                0x00000000080015c2                HAL_SYSTICK_Config
 *fill*         0x00000000080015da        0x2 
 .text.HAL_GPIO_Init
                0x00000000080015dc      0x2f8 ./Drivers/STM32F1xx_HAL_Driver/Src/stm32f1xx_hal_gpio.o
                0x00000000080015dc                HAL_GPIO_Init
 .text.HAL_GPIO_ReadPin
                0x00000000080018d4       0x2e ./Drivers/STM32F1xx_HAL_Driver/Src/stm32f1xx_hal_gpio.o
                0x00000000080018d4                HAL_GPIO_ReadPin
 .text.HAL_GPIO_WritePin
                0x0000000008001902       0x30 ./Drivers/STM32F1xx_HAL_Driver/Src/stm32f1xx_hal_gpio.o
                0x0000000008001902                HAL_GPIO_WritePin
 .text.HAL_GPIO_TogglePin
                0x0000000008001932       0x32 ./Drivers/STM32F1xx_HAL_Driver/Src/stm32f1xx_hal_gpio.o
                0x0000000008001932                HAL_GPIO_TogglePin
 .text.HAL_RCC_OscConfig
                0x0000000008001964      0x504 ./Drivers/STM32F1xx_HAL_Driver/Src/stm32f1xx_hal_rcc.o
                0x0000000008001964                HAL_RCC_OscConfig
 .text.HAL_RCC_ClockConfig
                0x0000000008001e68      0x1d4 ./Drivers/STM32F1xx_HAL_Driver/Src/stm32f1xx_hal_rcc.o
                0x0000000008001e68                HAL_RCC_ClockConfig
 .text.HAL_RCC_GetSysClockFreq
                0x000000000800203c       0xbc ./Drivers/STM32F1xx_HAL_Driver/Src/stm32f1xx_hal_rcc.o
                0x000000000800203c                HAL_RCC_GetSysClockFreq
 .text.RCC_Delay
                0x00000000080020f8       0x3c ./Drivers/STM32F1xx_HAL_Driver/Src/stm32f1xx_hal_rcc.o
 .text.HAL_TIM_Base_Init
                0x0000000008002134       0x9e ./Drivers/STM32F1xx_HAL_Driver/Src/stm32f1xx_hal_tim.o
                0x0000000008002134                HAL_TIM_Base_Init
 *fill*         0x00000000080021d2        0x2 
 .text.HAL_TIM_Base_Start_IT
                0x00000000080021d4       0x98 ./Drivers/STM32F1xx_HAL_Driver/Src/stm32f1xx_hal_tim.o
                0x00000000080021d4                HAL_TIM_Base_Start_IT
 .text.HAL_TIM_IRQHandler
                0x000000000800226c      0x210 ./Drivers/STM32F1xx_HAL_Driver/Src/stm32f1xx_hal_tim.o
                0x000000000800226c                HAL_TIM_IRQHandler
 .text.HAL_TIM_ConfigClockSource
                0x000000000800247c      0x188 ./Drivers/STM32F1xx_HAL_Driver/Src/stm32f1xx_hal_tim.o
                0x000000000800247c                HAL_TIM_ConfigClockSource
 .text.HAL_TIM_OC_DelayElapsedCallback
                0x0000000008002604       0x12 ./Drivers/STM32F1xx_HAL_Driver/Src/stm32f1xx_hal_tim.o
                0x0000000008002604                HAL_TIM_OC_DelayElapsedCallback
 .text.HAL_TIM_IC_CaptureCallback
                0x0000000008002616       0x12 ./Drivers/STM32F1xx_HAL_Driver/Src/stm32f1xx_hal_tim.o
                0x0000000008002616                HAL_TIM_IC_CaptureCallback
 .text.HAL_TIM_PWM_PulseFinishedCallback
                0x0000000008002628       0x12 ./Drivers/STM32F1xx_HAL_Driver/Src/stm32f1xx_hal_tim.o
                0x0000000008002628                HAL_TIM_PWM_PulseFinishedCallback
 .text.HAL_TIM_TriggerCallback
                0x000000000800263a       0x12 ./Drivers/STM32F1xx_HAL_Driver/Src/stm32f1xx_hal_tim.o
                0x000000000800263a                HAL_TIM_TriggerCallback
 .text.TIM_Base_SetConfig
                0x000000000800264c       0xb0 ./Drivers/STM32F1xx_HAL_Driver/Src/stm32f1xx_hal_tim.o
                0x000000000800264c                TIM_Base_SetConfig
 .text.TIM_TI1_ConfigInputStage
                0x00000000080026fc       0x5c ./Drivers/STM32F1xx_HAL_Driver/Src/stm32f1xx_hal_tim.o
 .text.TIM_TI2_ConfigInputStage
                0x0000000008002758       0x5e ./Drivers/STM32F1xx_HAL_Driver/Src/stm32f1xx_hal_tim.o
 .text.TIM_ITRx_SetConfig
                0x00000000080027b6       0x34 ./Drivers/STM32F1xx_HAL_Driver/Src/stm32f1xx_hal_tim.o
 .text.TIM_ETR_SetConfig
                0x00000000080027ea       0x3e ./Drivers/STM32F1xx_HAL_Driver/Src/stm32f1xx_hal_tim.o
                0x00000000080027ea                TIM_ETR_SetConfig
 .text.HAL_TIMEx_MasterConfigSynchronization
                0x0000000008002828       0xb0 ./Drivers/STM32F1xx_HAL_Driver/Src/stm32f1xx_hal_tim_ex.o
                0x0000000008002828                HAL_TIMEx_MasterConfigSynchronization
 .text.HAL_TIMEx_CommutCallback
                0x00000000080028d8       0x12 ./Drivers/STM32F1xx_HAL_Driver/Src/stm32f1xx_hal_tim_ex.o
                0x00000000080028d8                HAL_TIMEx_CommutCallback
 .text.HAL_TIMEx_BreakCallback
                0x00000000080028ea       0x12 ./Drivers/STM32F1xx_HAL_Driver/Src/stm32f1xx_hal_tim_ex.o
                0x00000000080028ea                HAL_TIMEx_BreakCallback
 .text.__libc_init_array
                0x00000000080028fc       0x48 d:/st/stm32cubeide_1.10.1/stm32cubeide/plugins/com.st.stm32cube.ide.mcu.externaltools.gnu-tools-for-stm32.10.3-2021.10.win32_1.0.0.202111181127/tools/bin/../lib/gcc/arm-none-eabi/10.3.1/../../../../arm-none-eabi/lib/thumb/v7-m/nofp\libc_nano.a(lib_a-init.o)
                0x00000000080028fc                __libc_init_array
 .text.memset   0x0000000008002944       0x10 d:/st/stm32cubeide_1.10.1/stm32cubeide/plugins/com.st.stm32cube.ide.mcu.externaltools.gnu-tools-for-stm32.10.3-2021.10.win32_1.0.0.202111181127/tools/bin/../lib/gcc/arm-none-eabi/10.3.1/../../../../arm-none-eabi/lib/thumb/v7-m/nofp\libc_nano.a(lib_a-memset.o)
                0x0000000008002944                memset
 *(.glue_7)
 .glue_7        0x0000000008002954        0x0 linker stubs
 *(.glue_7t)
 .glue_7t       0x0000000008002954        0x0 linker stubs
 *(.eh_frame)
 .eh_frame      0x0000000008002954        0x0 d:/st/stm32cubeide_1.10.1/stm32cubeide/plugins/com.st.stm32cube.ide.mcu.externaltools.gnu-tools-for-stm32.10.3-2021.10.win32_1.0.0.202111181127/tools/bin/../lib/gcc/arm-none-eabi/10.3.1/thumb/v7-m/nofp/crtbegin.o
 *(.init)
 .init          0x0000000008002954        0x4 d:/st/stm32cubeide_1.10.1/stm32cubeide/plugins/com.st.stm32cube.ide.mcu.externaltools.gnu-tools-for-stm32.10.3-2021.10.win32_1.0.0.202111181127/tools/bin/../lib/gcc/arm-none-eabi/10.3.1/thumb/v7-m/nofp/crti.o
                0x0000000008002954                _init
 .init          0x0000000008002958        0x8 d:/st/stm32cubeide_1.10.1/stm32cubeide/plugins/com.st.stm32cube.ide.mcu.externaltools.gnu-tools-for-stm32.10.3-2021.10.win32_1.0.0.202111181127/tools/bin/../lib/gcc/arm-none-eabi/10.3.1/thumb/v7-m/nofp/crtn.o
 *(.fini)
 .fini          0x0000000008002960        0x4 d:/st/stm32cubeide_1.10.1/stm32cubeide/plugins/com.st.stm32cube.ide.mcu.externaltools.gnu-tools-for-stm32.10.3-2021.10.win32_1.0.0.202111181127/tools/bin/../lib/gcc/arm-none-eabi/10.3.1/thumb/v7-m/nofp/crti.o
                0x0000000008002960                _fini
 .fini          0x0000000008002964        0x8 d:/st/stm32cubeide_1.10.1/stm32cubeide/plugins/com.st.stm32cube.ide.mcu.externaltools.gnu-tools-for-stm32.10.3-2021.10.win32_1.0.0.202111181127/tools/bin/../lib/gcc/arm-none-eabi/10.3.1/thumb/v7-m/nofp/crtn.o
                0x000000000800296c                . = ALIGN (0x4)
                0x000000000800296c                _etext = .

.vfp11_veneer   0x000000000800296c        0x0
 .vfp11_veneer  0x000000000800296c        0x0 linker stubs

.v4_bx          0x000000000800296c        0x0
 .v4_bx         0x000000000800296c        0x0 linker stubs

.iplt           0x000000000800296c        0x0
 .iplt          0x000000000800296c        0x0 d:/st/stm32cubeide_1.10.1/stm32cubeide/plugins/com.st.stm32cube.ide.mcu.externaltools.gnu-tools-for-stm32.10.3-2021.10.win32_1.0.0.202111181127/tools/bin/../lib/gcc/arm-none-eabi/10.3.1/thumb/v7-m/nofp/crtbegin.o

.rodata         0x000000000800296c       0x30
                0x000000000800296c                . = ALIGN (0x4)
 *(.rodata)
 .rodata        0x000000000800296c       0x10 ./Drivers/STM32F1xx_HAL_Driver/Src/stm32f1xx_hal_rcc.o
 *(.rodata*)
 .rodata.sevenSegValue
                0x000000000800297c        0xa ./Core/Src/seven_seg_processing.o
                0x000000000800297c                sevenSegValue
 *fill*         0x0000000008002986        0x2 
 .rodata.sevenSegEnable
                0x0000000008002988        0x4 ./Core/Src/seven_seg_processing.o
                0x0000000008002988                sevenSegEnable
 .rodata.AHBPrescTable
                0x000000000800298c       0x10 ./Core/Src/system_stm32f1xx.o
                0x000000000800298c                AHBPrescTable
                0x000000000800299c                . = ALIGN (0x4)

.rel.dyn        0x000000000800299c        0x0
 .rel.iplt      0x000000000800299c        0x0 d:/st/stm32cubeide_1.10.1/stm32cubeide/plugins/com.st.stm32cube.ide.mcu.externaltools.gnu-tools-for-stm32.10.3-2021.10.win32_1.0.0.202111181127/tools/bin/../lib/gcc/arm-none-eabi/10.3.1/thumb/v7-m/nofp/crtbegin.o

.ARM.extab      0x000000000800299c        0x0
                0x000000000800299c                . = ALIGN (0x4)
 *(.ARM.extab* .gnu.linkonce.armextab.*)
                0x000000000800299c                . = ALIGN (0x4)

.ARM            0x000000000800299c        0x0
                0x000000000800299c                . = ALIGN (0x4)
                0x000000000800299c                __exidx_start = .
 *(.ARM.exidx*)
                0x000000000800299c                __exidx_end = .
                0x000000000800299c                . = ALIGN (0x4)

.preinit_array  0x000000000800299c        0x0
                0x000000000800299c                . = ALIGN (0x4)
                0x000000000800299c                PROVIDE (__preinit_array_start = .)
 *(.preinit_array*)
                0x000000000800299c                PROVIDE (__preinit_array_end = .)
                0x000000000800299c                . = ALIGN (0x4)

.init_array     0x000000000800299c        0x4
                0x000000000800299c                . = ALIGN (0x4)
                0x000000000800299c                PROVIDE (__init_array_start = .)
 *(SORT_BY_NAME(.init_array.*))
 *(.init_array*)
 .init_array    0x000000000800299c        0x4 d:/st/stm32cubeide_1.10.1/stm32cubeide/plugins/com.st.stm32cube.ide.mcu.externaltools.gnu-tools-for-stm32.10.3-2021.10.win32_1.0.0.202111181127/tools/bin/../lib/gcc/arm-none-eabi/10.3.1/thumb/v7-m/nofp/crtbegin.o
                0x00000000080029a0                PROVIDE (__init_array_end = .)
                0x00000000080029a0                . = ALIGN (0x4)

.fini_array     0x00000000080029a0        0x4
                0x00000000080029a0                . = ALIGN (0x4)
                [!provide]                        PROVIDE (__fini_array_start = .)
 *(SORT_BY_NAME(.fini_array.*))
 *(.fini_array*)
 .fini_array    0x00000000080029a0        0x4 d:/st/stm32cubeide_1.10.1/stm32cubeide/plugins/com.st.stm32cube.ide.mcu.externaltools.gnu-tools-for-stm32.10.3-2021.10.win32_1.0.0.202111181127/tools/bin/../lib/gcc/arm-none-eabi/10.3.1/thumb/v7-m/nofp/crtbegin.o
                [!provide]                        PROVIDE (__fini_array_end = .)
                0x00000000080029a4                . = ALIGN (0x4)
                0x00000000080029a4                _sidata = LOADADDR (.data)

.data           0x0000000020000000       0xa4 load address 0x00000000080029a4
                0x0000000020000000                . = ALIGN (0x4)
                0x0000000020000000                _sdata = .
 *(.data)
 *(.data*)
 .data.buttonPort
                0x0000000020000000        0xc ./Core/Src/input_reading.o
                0x0000000020000000                buttonPort
 .data.buttonPin
                0x000000002000000c        0x6 ./Core/Src/input_reading.o
                0x000000002000000c                buttonPin
 *fill*         0x0000000020000012        0x2 
 .data.buttonBuffer
                0x0000000020000014        0x3 ./Core/Src/input_reading.o
 *fill*         0x0000000020000017        0x1 
 .data.debounceButtonBuffer0
                0x0000000020000018        0x3 ./Core/Src/input_reading.o
 *fill*         0x000000002000001b        0x1 
 .data.debounceButtonBuffer1
                0x000000002000001c        0x3 ./Core/Src/input_reading.o
 *fill*         0x000000002000001f        0x1 
 .data.debounceButtonBuffer2
                0x0000000020000020        0x3 ./Core/Src/input_reading.o
 *fill*         0x0000000020000023        0x1 
 .data.sevenSegPort
                0x0000000020000024       0x1c ./Core/Src/seven_seg_processing.o
                0x0000000020000024                sevenSegPort
 .data.sevenSegPin
                0x0000000020000040        0xe ./Core/Src/seven_seg_processing.o
                0x0000000020000040                sevenSegPin
 *fill*         0x000000002000004e        0x2 
 .data.enablePort
                0x0000000020000050       0x10 ./Core/Src/seven_seg_processing.o
                0x0000000020000050                enablePort
 .data.enablePin
                0x0000000020000060        0x8 ./Core/Src/seven_seg_processing.o
                0x0000000020000060                enablePin
 .data.SystemCoreClock
                0x0000000020000068        0x4 ./Core/Src/system_stm32f1xx.o
                0x0000000020000068                SystemCoreClock
 .data.redPort  0x000000002000006c        0x8 ./Core/Src/traffic_light_processing.o
                0x000000002000006c                redPort
 .data.redPin   0x0000000020000074        0x4 ./Core/Src/traffic_light_processing.o
                0x0000000020000074                redPin
 .data.yelPort  0x0000000020000078        0x8 ./Core/Src/traffic_light_processing.o
                0x0000000020000078                yelPort
 .data.yelPin   0x0000000020000080        0x4 ./Core/Src/traffic_light_processing.o
                0x0000000020000080                yelPin
 .data.grnPort  0x0000000020000084        0x8 ./Core/Src/traffic_light_processing.o
                0x0000000020000084                grnPort
 .data.grnPin   0x000000002000008c        0x4 ./Core/Src/traffic_light_processing.o
                0x000000002000008c                grnPin
 .data.redTime  0x0000000020000090        0x4 ./Core/Src/traffic_light_processing.o
                0x0000000020000090                redTime
 .data.yelTime  0x0000000020000094        0x4 ./Core/Src/traffic_light_processing.o
                0x0000000020000094                yelTime
 .data.grnTime  0x0000000020000098        0x4 ./Core/Src/traffic_light_processing.o
                0x0000000020000098                grnTime
 .data.uwTickPrio
                0x000000002000009c        0x4 ./Drivers/STM32F1xx_HAL_Driver/Src/stm32f1xx_hal.o
                0x000000002000009c                uwTickPrio
 .data.uwTickFreq
                0x00000000200000a0        0x1 ./Drivers/STM32F1xx_HAL_Driver/Src/stm32f1xx_hal.o
                0x00000000200000a0                uwTickFreq
 *(.RamFunc)
 *(.RamFunc*)
                0x00000000200000a4                . = ALIGN (0x4)
 *fill*         0x00000000200000a1        0x3 
                0x00000000200000a4                _edata = .

.igot.plt       0x00000000200000a4        0x0 load address 0x0000000008002a48
 .igot.plt      0x00000000200000a4        0x0 d:/st/stm32cubeide_1.10.1/stm32cubeide/plugins/com.st.stm32cube.ide.mcu.externaltools.gnu-tools-for-stm32.10.3-2021.10.win32_1.0.0.202111181127/tools/bin/../lib/gcc/arm-none-eabi/10.3.1/thumb/v7-m/nofp/crtbegin.o
                0x00000000200000a4                . = ALIGN (0x4)

.bss            0x00000000200000a4       0xbc load address 0x0000000008002a48
                0x00000000200000a4                _sbss = .
                0x00000000200000a4                __bss_start__ = _sbss
 *(.bss)
 .bss           0x00000000200000a4       0x1c d:/st/stm32cubeide_1.10.1/stm32cubeide/plugins/com.st.stm32cube.ide.mcu.externaltools.gnu-tools-for-stm32.10.3-2021.10.win32_1.0.0.202111181127/tools/bin/../lib/gcc/arm-none-eabi/10.3.1/thumb/v7-m/nofp/crtbegin.o
 *(.bss*)
 .bss.newGrnTime
                0x00000000200000c0        0x4 ./Core/Src/fsm_for_multi_mode.o
                0x00000000200000c0                newGrnTime
 .bss.newYelTime
                0x00000000200000c4        0x4 ./Core/Src/fsm_for_multi_mode.o
                0x00000000200000c4                newYelTime
 .bss.status    0x00000000200000c8        0x1 ./Core/Src/global.o
                0x00000000200000c8                status
 *fill*         0x00000000200000c9        0x3 
 .bss.flagForButtonPressed
                0x00000000200000cc        0x3 ./Core/Src/input_reading.o
 *fill*         0x00000000200000cf        0x1 
 .bss.counterForButtonHold
                0x00000000200000d0        0x6 ./Core/Src/input_reading.o
 *fill*         0x00000000200000d6        0x2 
 .bss.seven_seg_buffer
                0x00000000200000d8       0x10 ./Core/Src/seven_seg_processing.o
                0x00000000200000d8                seven_seg_buffer
 .bss.seven_seg_index
                0x00000000200000e8        0x4 ./Core/Src/seven_seg_processing.o
                0x00000000200000e8                seven_seg_index
 .bss.traffic_timer_flag
                0x00000000200000ec        0x4 ./Core/Src/software_timer.o
                0x00000000200000ec                traffic_timer_flag
 .bss.traffic_timer_counter
                0x00000000200000f0        0x4 ./Core/Src/software_timer.o
                0x00000000200000f0                traffic_timer_counter
 .bss.timer1_counter
                0x00000000200000f4        0x4 ./Core/Src/software_timer.o
                0x00000000200000f4                timer1_counter
 .bss.timer1_flag
                0x00000000200000f8        0x4 ./Core/Src/software_timer.o
                0x00000000200000f8                timer1_flag
 .bss.timer2_counter
                0x00000000200000fc        0x4 ./Core/Src/software_timer.o
                0x00000000200000fc                timer2_counter
 .bss.timer2_flag
                0x0000000020000100        0x4 ./Core/Src/software_timer.o
                0x0000000020000100                timer2_flag
 .bss.timer3_counter
                0x0000000020000104        0x4 ./Core/Src/software_timer.o
                0x0000000020000104                timer3_counter
 .bss.timer3_flag
                0x0000000020000108        0x4 ./Core/Src/software_timer.o
                0x0000000020000108                timer3_flag
 .bss.htim2     0x000000002000010c       0x48 ./Core/Src/tim.o
                0x000000002000010c                htim2
 .bss.snCountdown
                0x0000000020000154        0x4 ./Core/Src/traffic_light_processing.o
                0x0000000020000154                snCountdown
 .bss.ewCountdown
                0x0000000020000158        0x4 ./Core/Src/traffic_light_processing.o
                0x0000000020000158                ewCountdown
 .bss.uwTick    0x000000002000015c        0x4 ./Drivers/STM32F1xx_HAL_Driver/Src/stm32f1xx_hal.o
                0x000000002000015c                uwTick
 *(COMMON)
                0x0000000020000160                . = ALIGN (0x4)
                0x0000000020000160                _ebss = .
                0x0000000020000160                __bss_end__ = _ebss

._user_heap_stack
                0x0000000020000160      0x600 load address 0x0000000008002a48
                0x0000000020000160                . = ALIGN (0x8)
                [!provide]                        PROVIDE (end = .)
                0x0000000020000160                PROVIDE (_end = .)
                0x0000000020000360                . = (. + _Min_Heap_Size)
 *fill*         0x0000000020000160      0x200 
                0x0000000020000760                . = (. + _Min_Stack_Size)
 *fill*         0x0000000020000360      0x400 
                0x0000000020000760                . = ALIGN (0x8)

/DISCARD/
 libc.a(*)
 libm.a(*)
 libgcc.a(*)

.ARM.attributes
                0x0000000000000000       0x29
 *(.ARM.attributes)
 .ARM.attributes
                0x0000000000000000       0x1d d:/st/stm32cubeide_1.10.1/stm32cubeide/plugins/com.st.stm32cube.ide.mcu.externaltools.gnu-tools-for-stm32.10.3-2021.10.win32_1.0.0.202111181127/tools/bin/../lib/gcc/arm-none-eabi/10.3.1/thumb/v7-m/nofp/crti.o
 .ARM.attributes
                0x000000000000001d       0x2d d:/st/stm32cubeide_1.10.1/stm32cubeide/plugins/com.st.stm32cube.ide.mcu.externaltools.gnu-tools-for-stm32.10.3-2021.10.win32_1.0.0.202111181127/tools/bin/../lib/gcc/arm-none-eabi/10.3.1/thumb/v7-m/nofp/crtbegin.o
 .ARM.attributes
                0x000000000000004a       0x2d ./Core/Src/fsm_for_multi_mode.o
 .ARM.attributes
                0x0000000000000077       0x2d ./Core/Src/global.o
 .ARM.attributes
                0x00000000000000a4       0x2d ./Core/Src/gpio.o
 .ARM.attributes
                0x00000000000000d1       0x2d ./Core/Src/input_reading.o
 .ARM.attributes
                0x00000000000000fe       0x2d ./Core/Src/main.o
 .ARM.attributes
                0x000000000000012b       0x2d ./Core/Src/seven_seg_processing.o
 .ARM.attributes
                0x0000000000000158       0x2d ./Core/Src/software_timer.o
 .ARM.attributes
                0x0000000000000185       0x2d ./Core/Src/stm32f1xx_hal_msp.o
 .ARM.attributes
                0x00000000000001b2       0x2d ./Core/Src/stm32f1xx_it.o
 .ARM.attributes
                0x00000000000001df       0x2d ./Core/Src/system_stm32f1xx.o
 .ARM.attributes
                0x000000000000020c       0x2d ./Core/Src/tim.o
 .ARM.attributes
                0x0000000000000239       0x2d ./Core/Src/traffic_light_processing.o
 .ARM.attributes
                0x0000000000000266       0x21 ./Core/Startup/startup_stm32f103c6ux.o
 .ARM.attributes
                0x0000000000000287       0x2d ./Drivers/STM32F1xx_HAL_Driver/Src/stm32f1xx_hal.o
 .ARM.attributes
                0x00000000000002b4       0x2d ./Drivers/STM32F1xx_HAL_Driver/Src/stm32f1xx_hal_cortex.o
 .ARM.attributes
                0x00000000000002e1       0x2d ./Drivers/STM32F1xx_HAL_Driver/Src/stm32f1xx_hal_gpio.o
 .ARM.attributes
                0x000000000000030e       0x2d ./Drivers/STM32F1xx_HAL_Driver/Src/stm32f1xx_hal_rcc.o
 .ARM.attributes
                0x000000000000033b       0x2d ./Drivers/STM32F1xx_HAL_Driver/Src/stm32f1xx_hal_tim.o
 .ARM.attributes
                0x0000000000000368       0x2d ./Drivers/STM32F1xx_HAL_Driver/Src/stm32f1xx_hal_tim_ex.o
 .ARM.attributes
                0x0000000000000395       0x2d d:/st/stm32cubeide_1.10.1/stm32cubeide/plugins/com.st.stm32cube.ide.mcu.externaltools.gnu-tools-for-stm32.10.3-2021.10.win32_1.0.0.202111181127/tools/bin/../lib/gcc/arm-none-eabi/10.3.1/../../../../arm-none-eabi/lib/thumb/v7-m/nofp\libc_nano.a(lib_a-init.o)
 .ARM.attributes
                0x00000000000003c2       0x2d d:/st/stm32cubeide_1.10.1/stm32cubeide/plugins/com.st.stm32cube.ide.mcu.externaltools.gnu-tools-for-stm32.10.3-2021.10.win32_1.0.0.202111181127/tools/bin/../lib/gcc/arm-none-eabi/10.3.1/../../../../arm-none-eabi/lib/thumb/v7-m/nofp\libc_nano.a(lib_a-memset.o)
 .ARM.attributes
                0x00000000000003ef       0x1d d:/st/stm32cubeide_1.10.1/stm32cubeide/plugins/com.st.stm32cube.ide.mcu.externaltools.gnu-tools-for-stm32.10.3-2021.10.win32_1.0.0.202111181127/tools/bin/../lib/gcc/arm-none-eabi/10.3.1/thumb/v7-m/nofp/crtn.o
OUTPUT(Traffic_Light.elf elf32-littlearm)
LOAD linker stubs
LOAD d:/st/stm32cubeide_1.10.1/stm32cubeide/plugins/com.st.stm32cube.ide.mcu.externaltools.gnu-tools-for-stm32.10.3-2021.10.win32_1.0.0.202111181127/tools/bin/../lib/gcc/arm-none-eabi/10.3.1/../../../../arm-none-eabi/lib/thumb/v7-m/nofp\libc.a
LOAD d:/st/stm32cubeide_1.10.1/stm32cubeide/plugins/com.st.stm32cube.ide.mcu.externaltools.gnu-tools-for-stm32.10.3-2021.10.win32_1.0.0.202111181127/tools/bin/../lib/gcc/arm-none-eabi/10.3.1/../../../../arm-none-eabi/lib/thumb/v7-m/nofp\libm.a
LOAD d:/st/stm32cubeide_1.10.1/stm32cubeide/plugins/com.st.stm32cube.ide.mcu.externaltools.gnu-tools-for-stm32.10.3-2021.10.win32_1.0.0.202111181127/tools/bin/../lib/gcc/arm-none-eabi/10.3.1/thumb/v7-m/nofp\libgcc.a

.debug_info     0x0000000000000000     0x901c
 .debug_info    0x0000000000000000      0x265 ./Core/Src/fsm_for_multi_mode.o
 .debug_info    0x0000000000000265       0xce ./Core/Src/global.o
 .debug_info    0x0000000000000333      0x2d1 ./Core/Src/gpio.o
 .debug_info    0x0000000000000604      0x2aa ./Core/Src/input_reading.o
 .debug_info    0x00000000000008ae      0x88e ./Core/Src/main.o
 .debug_info    0x000000000000113c      0x3e8 ./Core/Src/seven_seg_processing.o
 .debug_info    0x0000000000001524      0x1cc ./Core/Src/software_timer.o
 .debug_info    0x00000000000016f0      0x210 ./Core/Src/stm32f1xx_hal_msp.o
 .debug_info    0x0000000000001900      0x6ea ./Core/Src/stm32f1xx_it.o
 .debug_info    0x0000000000001fea      0x23d ./Core/Src/system_stm32f1xx.o
 .debug_info    0x0000000000002227      0x9e8 ./Core/Src/tim.o
 .debug_info    0x0000000000002c0f      0x46d ./Core/Src/traffic_light_processing.o
 .debug_info    0x000000000000307c       0x22 ./Core/Startup/startup_stm32f103c6ux.o
 .debug_info    0x000000000000309e      0x716 ./Drivers/STM32F1xx_HAL_Driver/Src/stm32f1xx_hal.o
 .debug_info    0x00000000000037b4      0xb02 ./Drivers/STM32F1xx_HAL_Driver/Src/stm32f1xx_hal_cortex.o
 .debug_info    0x00000000000042b6      0x615 ./Drivers/STM32F1xx_HAL_Driver/Src/stm32f1xx_hal_gpio.o
 .debug_info    0x00000000000048cb      0x860 ./Drivers/STM32F1xx_HAL_Driver/Src/stm32f1xx_hal_rcc.o
 .debug_info    0x000000000000512b     0x29de ./Drivers/STM32F1xx_HAL_Driver/Src/stm32f1xx_hal_tim.o
 .debug_info    0x0000000000007b09     0x1513 ./Drivers/STM32F1xx_HAL_Driver/Src/stm32f1xx_hal_tim_ex.o

.debug_abbrev   0x0000000000000000     0x1e0a
 .debug_abbrev  0x0000000000000000       0xf3 ./Core/Src/fsm_for_multi_mode.o
 .debug_abbrev  0x00000000000000f3       0x76 ./Core/Src/global.o
 .debug_abbrev  0x0000000000000169      0x134 ./Core/Src/gpio.o
 .debug_abbrev  0x000000000000029d      0x15f ./Core/Src/input_reading.o
 .debug_abbrev  0x00000000000003fc      0x1ff ./Core/Src/main.o
 .debug_abbrev  0x00000000000005fb      0x1dc ./Core/Src/seven_seg_processing.o
 .debug_abbrev  0x00000000000007d7       0xd0 ./Core/Src/software_timer.o
 .debug_abbrev  0x00000000000008a7       0xd4 ./Core/Src/stm32f1xx_hal_msp.o
 .debug_abbrev  0x000000000000097b      0x184 ./Core/Src/stm32f1xx_it.o
 .debug_abbrev  0x0000000000000aff      0x13b ./Core/Src/system_stm32f1xx.o
 .debug_abbrev  0x0000000000000c3a      0x1f7 ./Core/Src/tim.o
 .debug_abbrev  0x0000000000000e31      0x1ba ./Core/Src/traffic_light_processing.o
 .debug_abbrev  0x0000000000000feb       0x12 ./Core/Startup/startup_stm32f103c6ux.o
 .debug_abbrev  0x0000000000000ffd      0x1fb ./Drivers/STM32F1xx_HAL_Driver/Src/stm32f1xx_hal.o
 .debug_abbrev  0x00000000000011f8      0x2ed ./Drivers/STM32F1xx_HAL_Driver/Src/stm32f1xx_hal_cortex.o
 .debug_abbrev  0x00000000000014e5      0x1bb ./Drivers/STM32F1xx_HAL_Driver/Src/stm32f1xx_hal_gpio.o
 .debug_abbrev  0x00000000000016a0      0x2a8 ./Drivers/STM32F1xx_HAL_Driver/Src/stm32f1xx_hal_rcc.o
 .debug_abbrev  0x0000000000001948      0x25d ./Drivers/STM32F1xx_HAL_Driver/Src/stm32f1xx_hal_tim.o
 .debug_abbrev  0x0000000000001ba5      0x265 ./Drivers/STM32F1xx_HAL_Driver/Src/stm32f1xx_hal_tim_ex.o

.debug_aranges  0x0000000000000000      0xae8
 .debug_aranges
                0x0000000000000000       0x20 ./Core/Src/fsm_for_multi_mode.o
 .debug_aranges
                0x0000000000000020       0x18 ./Core/Src/global.o
 .debug_aranges
                0x0000000000000038       0x20 ./Core/Src/gpio.o
 .debug_aranges
                0x0000000000000058       0x28 ./Core/Src/input_reading.o
 .debug_aranges
                0x0000000000000080       0x38 ./Core/Src/main.o
 .debug_aranges
                0x00000000000000b8       0x58 ./Core/Src/seven_seg_processing.o
 .debug_aranges
                0x0000000000000110       0x40 ./Core/Src/software_timer.o
 .debug_aranges
                0x0000000000000150       0x20 ./Core/Src/stm32f1xx_hal_msp.o
 .debug_aranges
                0x0000000000000170       0x68 ./Core/Src/stm32f1xx_it.o
 .debug_aranges
                0x00000000000001d8       0x28 ./Core/Src/system_stm32f1xx.o
 .debug_aranges
                0x0000000000000200       0x30 ./Core/Src/tim.o
 .debug_aranges
                0x0000000000000230       0x90 ./Core/Src/traffic_light_processing.o
 .debug_aranges
                0x00000000000002c0       0x28 ./Core/Startup/startup_stm32f103c6ux.o
 .debug_aranges
                0x00000000000002e8       0xe0 ./Drivers/STM32F1xx_HAL_Driver/Src/stm32f1xx_hal.o
 .debug_aranges
                0x00000000000003c8      0x100 ./Drivers/STM32F1xx_HAL_Driver/Src/stm32f1xx_hal_cortex.o
 .debug_aranges
                0x00000000000004c8       0x58 ./Drivers/STM32F1xx_HAL_Driver/Src/stm32f1xx_hal_gpio.o
 .debug_aranges
                0x0000000000000520       0x90 ./Drivers/STM32F1xx_HAL_Driver/Src/stm32f1xx_hal_rcc.o
 .debug_aranges
                0x00000000000005b0      0x3d0 ./Drivers/STM32F1xx_HAL_Driver/Src/stm32f1xx_hal_tim.o
 .debug_aranges
                0x0000000000000980      0x168 ./Drivers/STM32F1xx_HAL_Driver/Src/stm32f1xx_hal_tim_ex.o

.debug_ranges   0x0000000000000000      0x9b8
 .debug_ranges  0x0000000000000000       0x10 ./Core/Src/fsm_for_multi_mode.o
 .debug_ranges  0x0000000000000010       0x10 ./Core/Src/gpio.o
 .debug_ranges  0x0000000000000020       0x18 ./Core/Src/input_reading.o
 .debug_ranges  0x0000000000000038       0x28 ./Core/Src/main.o
 .debug_ranges  0x0000000000000060       0x48 ./Core/Src/seven_seg_processing.o
 .debug_ranges  0x00000000000000a8       0x30 ./Core/Src/software_timer.o
 .debug_ranges  0x00000000000000d8       0x10 ./Core/Src/stm32f1xx_hal_msp.o
 .debug_ranges  0x00000000000000e8       0x58 ./Core/Src/stm32f1xx_it.o
 .debug_ranges  0x0000000000000140       0x18 ./Core/Src/system_stm32f1xx.o
 .debug_ranges  0x0000000000000158       0x20 ./Core/Src/tim.o
 .debug_ranges  0x0000000000000178       0x80 ./Core/Src/traffic_light_processing.o
 .debug_ranges  0x00000000000001f8       0x20 ./Core/Startup/startup_stm32f103c6ux.o
 .debug_ranges  0x0000000000000218       0xd0 ./Drivers/STM32F1xx_HAL_Driver/Src/stm32f1xx_hal.o
 .debug_ranges  0x00000000000002e8       0xf0 ./Drivers/STM32F1xx_HAL_Driver/Src/stm32f1xx_hal_cortex.o
 .debug_ranges  0x00000000000003d8       0x48 ./Drivers/STM32F1xx_HAL_Driver/Src/stm32f1xx_hal_gpio.o
 .debug_ranges  0x0000000000000420       0x80 ./Drivers/STM32F1xx_HAL_Driver/Src/stm32f1xx_hal_rcc.o
 .debug_ranges  0x00000000000004a0      0x3c0 ./Drivers/STM32F1xx_HAL_Driver/Src/stm32f1xx_hal_tim.o
 .debug_ranges  0x0000000000000860      0x158 ./Drivers/STM32F1xx_HAL_Driver/Src/stm32f1xx_hal_tim_ex.o

.debug_macro    0x0000000000000000    0x17219
 .debug_macro   0x0000000000000000      0x227 ./Core/Src/fsm_for_multi_mode.o
 .debug_macro   0x0000000000000227      0xa6c ./Core/Src/fsm_for_multi_mode.o
 .debug_macro   0x0000000000000c93      0x215 ./Core/Src/fsm_for_multi_mode.o
 .debug_macro   0x0000000000000ea8       0x2e ./Core/Src/fsm_for_multi_mode.o
 .debug_macro   0x0000000000000ed6       0x22 ./Core/Src/fsm_for_multi_mode.o
 .debug_macro   0x0000000000000ef8       0x22 ./Core/Src/fsm_for_multi_mode.o
 .debug_macro   0x0000000000000f1a       0x8e ./Core/Src/fsm_for_multi_mode.o
 .debug_macro   0x0000000000000fa8       0x51 ./Core/Src/fsm_for_multi_mode.o
 .debug_macro   0x0000000000000ff9      0x103 ./Core/Src/fsm_for_multi_mode.o
 .debug_macro   0x00000000000010fc       0x6a ./Core/Src/fsm_for_multi_mode.o
 .debug_macro   0x0000000000001166      0x1df ./Core/Src/fsm_for_multi_mode.o
 .debug_macro   0x0000000000001345       0x1c ./Core/Src/fsm_for_multi_mode.o
 .debug_macro   0x0000000000001361       0x22 ./Core/Src/fsm_for_multi_mode.o
 .debug_macro   0x0000000000001383       0xbd ./Core/Src/fsm_for_multi_mode.o
 .debug_macro   0x0000000000001440      0xd23 ./Core/Src/fsm_for_multi_mode.o
 .debug_macro   0x0000000000002163     0xde75 ./Core/Src/fsm_for_multi_mode.o
 .debug_macro   0x000000000000ffd8       0x6d ./Core/Src/fsm_for_multi_mode.o
 .debug_macro   0x0000000000010045     0x3468 ./Core/Src/fsm_for_multi_mode.o
 .debug_macro   0x00000000000134ad      0x174 ./Core/Src/fsm_for_multi_mode.o
 .debug_macro   0x0000000000013621       0x5c ./Core/Src/fsm_for_multi_mode.o
 .debug_macro   0x000000000001367d      0x5be ./Core/Src/fsm_for_multi_mode.o
 .debug_macro   0x0000000000013c3b      0x1b7 ./Core/Src/fsm_for_multi_mode.o
 .debug_macro   0x0000000000013df2      0x1cb ./Core/Src/fsm_for_multi_mode.o
 .debug_macro   0x0000000000013fbd      0x114 ./Core/Src/fsm_for_multi_mode.o
 .debug_macro   0x00000000000140d1      0x1b2 ./Core/Src/fsm_for_multi_mode.o
 .debug_macro   0x0000000000014283       0x27 ./Core/Src/fsm_for_multi_mode.o
 .debug_macro   0x00000000000142aa      0x12f ./Core/Src/fsm_for_multi_mode.o
 .debug_macro   0x00000000000143d9      0x1bc ./Core/Src/fsm_for_multi_mode.o
 .debug_macro   0x0000000000014595       0x34 ./Core/Src/fsm_for_multi_mode.o
 .debug_macro   0x00000000000145c9       0x3c ./Core/Src/fsm_for_multi_mode.o
 .debug_macro   0x0000000000014605       0x57 ./Core/Src/fsm_for_multi_mode.o
 .debug_macro   0x000000000001465c       0x88 ./Core/Src/fsm_for_multi_mode.o
 .debug_macro   0x00000000000146e4      0x183 ./Core/Src/fsm_for_multi_mode.o
 .debug_macro   0x0000000000014867      0x141 ./Core/Src/fsm_for_multi_mode.o
 .debug_macro   0x00000000000149a8      0x8d1 ./Core/Src/fsm_for_multi_mode.o
 .debug_macro   0x0000000000015279       0x69 ./Core/Src/fsm_for_multi_mode.o
 .debug_macro   0x00000000000152e2       0xf4 ./Core/Src/fsm_for_multi_mode.o
 .debug_macro   0x00000000000153d6       0x16 ./Core/Src/fsm_for_multi_mode.o
 .debug_macro   0x00000000000153ec       0x16 ./Core/Src/fsm_for_multi_mode.o
 .debug_macro   0x0000000000015402      0x1dd ./Core/Src/global.o
 .debug_macro   0x00000000000155df      0x1b1 ./Core/Src/gpio.o
 .debug_macro   0x0000000000015790      0x1ec ./Core/Src/input_reading.o
 .debug_macro   0x000000000001597c      0x211 ./Core/Src/main.o
 .debug_macro   0x0000000000015b8d      0x203 ./Core/Src/seven_seg_processing.o
 .debug_macro   0x0000000000015d90       0x10 ./Core/Src/seven_seg_processing.o
 .debug_macro   0x0000000000015da0      0x1ca ./Core/Src/software_timer.o
 .debug_macro   0x0000000000015f6a      0x1a7 ./Core/Src/stm32f1xx_hal_msp.o
 .debug_macro   0x0000000000016111      0x1b1 ./Core/Src/stm32f1xx_it.o
 .debug_macro   0x00000000000162c2      0x198 ./Core/Src/system_stm32f1xx.o
 .debug_macro   0x000000000001645a      0x1b1 ./Core/Src/tim.o
 .debug_macro   0x000000000001660b      0x1dc ./Core/Src/traffic_light_processing.o
 .debug_macro   0x00000000000167e7      0x1bc ./Drivers/STM32F1xx_HAL_Driver/Src/stm32f1xx_hal.o
 .debug_macro   0x00000000000169a3      0x198 ./Drivers/STM32F1xx_HAL_Driver/Src/stm32f1xx_hal_cortex.o
 .debug_macro   0x0000000000016b3b      0x203 ./Drivers/STM32F1xx_HAL_Driver/Src/stm32f1xx_hal_gpio.o
 .debug_macro   0x0000000000016d3e      0x1aa ./Drivers/STM32F1xx_HAL_Driver/Src/stm32f1xx_hal_rcc.o
 .debug_macro   0x0000000000016ee8      0x199 ./Drivers/STM32F1xx_HAL_Driver/Src/stm32f1xx_hal_tim.o
 .debug_macro   0x0000000000017081      0x198 ./Drivers/STM32F1xx_HAL_Driver/Src/stm32f1xx_hal_tim_ex.o

.debug_line     0x0000000000000000     0xcd90
 .debug_line    0x0000000000000000      0x85d ./Core/Src/fsm_for_multi_mode.o
 .debug_line    0x000000000000085d      0x68e ./Core/Src/global.o
 .debug_line    0x0000000000000eeb      0x67f ./Core/Src/gpio.o
 .debug_line    0x000000000000156a      0x73c ./Core/Src/input_reading.o
 .debug_line    0x0000000000001ca6      0x774 ./Core/Src/main.o
 .debug_line    0x000000000000241a      0x81d ./Core/Src/seven_seg_processing.o
 .debug_line    0x0000000000002c37      0x740 ./Core/Src/software_timer.o
 .debug_line    0x0000000000003377      0x65a ./Core/Src/stm32f1xx_hal_msp.o
 .debug_line    0x00000000000039d1      0x734 ./Core/Src/stm32f1xx_it.o
 .debug_line    0x0000000000004105      0x6d8 ./Core/Src/system_stm32f1xx.o
 .debug_line    0x00000000000047dd      0x6c7 ./Core/Src/tim.o
 .debug_line    0x0000000000004ea4      0x865 ./Core/Src/traffic_light_processing.o
 .debug_line    0x0000000000005709       0x87 ./Core/Startup/startup_stm32f103c6ux.o
 .debug_line    0x0000000000005790      0x931 ./Drivers/STM32F1xx_HAL_Driver/Src/stm32f1xx_hal.o
 .debug_line    0x00000000000060c1      0xb19 ./Drivers/STM32F1xx_HAL_Driver/Src/stm32f1xx_hal_cortex.o
 .debug_line    0x0000000000006bda      0x9b3 ./Drivers/STM32F1xx_HAL_Driver/Src/stm32f1xx_hal_gpio.o
 .debug_line    0x000000000000758d      0xd3f ./Drivers/STM32F1xx_HAL_Driver/Src/stm32f1xx_hal_rcc.o
 .debug_line    0x00000000000082cc     0x329d ./Drivers/STM32F1xx_HAL_Driver/Src/stm32f1xx_hal_tim.o
 .debug_line    0x000000000000b569     0x1827 ./Drivers/STM32F1xx_HAL_Driver/Src/stm32f1xx_hal_tim_ex.o

.debug_str      0x0000000000000000    0x8247d
 .debug_str     0x0000000000000000    0x7f607 ./Core/Src/fsm_for_multi_mode.o
                                      0x7f923 (size before relaxing)
 .debug_str     0x000000000007f607       0x15 ./Core/Src/global.o
                                      0x7f708 (size before relaxing)
 .debug_str     0x000000000007f61c       0xf9 ./Core/Src/gpio.o
                                      0x7f6fc (size before relaxing)
 .debug_str     0x000000000007f715      0x146 ./Core/Src/input_reading.o
                                      0x7f824 (size before relaxing)
 .debug_str     0x000000000007f85b      0x62e ./Core/Src/main.o
                                      0x7fde1 (size before relaxing)
 .debug_str     0x000000000007fe89      0x12b ./Core/Src/seven_seg_processing.o
                                      0x7f8a4 (size before relaxing)
 .debug_str     0x000000000007ffb4       0x7f ./Core/Src/software_timer.o
                                      0x7f716 (size before relaxing)
 .debug_str     0x0000000000080033       0x5a ./Core/Src/stm32f1xx_hal_msp.o
                                      0x7f684 (size before relaxing)
 .debug_str     0x000000000008008d       0xec ./Core/Src/stm32f1xx_it.o
                                      0x7fb8a (size before relaxing)
 .debug_str     0x0000000000080179       0x7e ./Core/Src/system_stm32f1xx.o
                                      0x7f36e (size before relaxing)
 .debug_str     0x00000000000801f7      0x3ac ./Core/Src/tim.o
                                      0x7ff6b (size before relaxing)
 .debug_str     0x00000000000805a3       0xc4 ./Core/Src/traffic_light_processing.o
                                      0x7f847 (size before relaxing)
 .debug_str     0x0000000000080667       0x96 ./Core/Startup/startup_stm32f103c6ux.o
 .debug_str     0x00000000000806fd      0x38e ./Drivers/STM32F1xx_HAL_Driver/Src/stm32f1xx_hal.o
                                      0x7fa91 (size before relaxing)
 .debug_str     0x0000000000080a8b      0x294 ./Drivers/STM32F1xx_HAL_Driver/Src/stm32f1xx_hal_cortex.o
                                      0x7f9dd (size before relaxing)
 .debug_str     0x0000000000080d1f      0x2d2 ./Drivers/STM32F1xx_HAL_Driver/Src/stm32f1xx_hal_gpio.o
                                      0x7f71e (size before relaxing)
 .debug_str     0x0000000000080ff1      0x229 ./Drivers/STM32F1xx_HAL_Driver/Src/stm32f1xx_hal_rcc.o
                                      0x7f7c7 (size before relaxing)
 .debug_str     0x000000000008121a      0xdd0 ./Drivers/STM32F1xx_HAL_Driver/Src/stm32f1xx_hal_tim.o
                                      0x807b2 (size before relaxing)
 .debug_str     0x0000000000081fea      0x493 ./Drivers/STM32F1xx_HAL_Driver/Src/stm32f1xx_hal_tim_ex.o
                                      0x7ffce (size before relaxing)

.comment        0x0000000000000000       0x50
 .comment       0x0000000000000000       0x50 ./Core/Src/fsm_for_multi_mode.o
                                         0x51 (size before relaxing)
 .comment       0x0000000000000050       0x51 ./Core/Src/global.o
 .comment       0x0000000000000050       0x51 ./Core/Src/gpio.o
 .comment       0x0000000000000050       0x51 ./Core/Src/input_reading.o
 .comment       0x0000000000000050       0x51 ./Core/Src/main.o
 .comment       0x0000000000000050       0x51 ./Core/Src/seven_seg_processing.o
 .comment       0x0000000000000050       0x51 ./Core/Src/software_timer.o
 .comment       0x0000000000000050       0x51 ./Core/Src/stm32f1xx_hal_msp.o
 .comment       0x0000000000000050       0x51 ./Core/Src/stm32f1xx_it.o
 .comment       0x0000000000000050       0x51 ./Core/Src/system_stm32f1xx.o
 .comment       0x0000000000000050       0x51 ./Core/Src/tim.o
 .comment       0x0000000000000050       0x51 ./Core/Src/traffic_light_processing.o
 .comment       0x0000000000000050       0x51 ./Drivers/STM32F1xx_HAL_Driver/Src/stm32f1xx_hal.o
 .comment       0x0000000000000050       0x51 ./Drivers/STM32F1xx_HAL_Driver/Src/stm32f1xx_hal_cortex.o
 .comment       0x0000000000000050       0x51 ./Drivers/STM32F1xx_HAL_Driver/Src/stm32f1xx_hal_gpio.o
 .comment       0x0000000000000050       0x51 ./Drivers/STM32F1xx_HAL_Driver/Src/stm32f1xx_hal_rcc.o
 .comment       0x0000000000000050       0x51 ./Drivers/STM32F1xx_HAL_Driver/Src/stm32f1xx_hal_tim.o
 .comment       0x0000000000000050       0x51 ./Drivers/STM32F1xx_HAL_Driver/Src/stm32f1xx_hal_tim_ex.o

.debug_frame    0x0000000000000000     0x2a90
 .debug_frame   0x0000000000000000       0x2c ./Core/Src/fsm_for_multi_mode.o
 .debug_frame   0x000000000000002c       0x34 ./Core/Src/gpio.o
 .debug_frame   0x0000000000000060       0x5c ./Core/Src/input_reading.o
 .debug_frame   0x00000000000000bc       0x8c ./Core/Src/main.o
 .debug_frame   0x0000000000000148      0x124 ./Core/Src/seven_seg_processing.o
 .debug_frame   0x000000000000026c       0xd0 ./Core/Src/software_timer.o
 .debug_frame   0x000000000000033c       0x38 ./Core/Src/stm32f1xx_hal_msp.o
 .debug_frame   0x0000000000000374      0x120 ./Core/Src/stm32f1xx_it.o
 .debug_frame   0x0000000000000494       0x58 ./Core/Src/system_stm32f1xx.o
 .debug_frame   0x00000000000004ec       0x7c ./Core/Src/tim.o
 .debug_frame   0x0000000000000568      0x228 ./Core/Src/traffic_light_processing.o
 .debug_frame   0x0000000000000790      0x334 ./Drivers/STM32F1xx_HAL_Driver/Src/stm32f1xx_hal.o
 .debug_frame   0x0000000000000ac4      0x428 ./Drivers/STM32F1xx_HAL_Driver/Src/stm32f1xx_hal_cortex.o
 .debug_frame   0x0000000000000eec      0x14c ./Drivers/STM32F1xx_HAL_Driver/Src/stm32f1xx_hal_gpio.o
 .debug_frame   0x0000000000001038      0x21c ./Drivers/STM32F1xx_HAL_Driver/Src/stm32f1xx_hal_rcc.o
 .debug_frame   0x0000000000001254     0x11b8 ./Drivers/STM32F1xx_HAL_Driver/Src/stm32f1xx_hal_tim.o
 .debug_frame   0x000000000000240c      0x638 ./Drivers/STM32F1xx_HAL_Driver/Src/stm32f1xx_hal_tim_ex.o
 .debug_frame   0x0000000000002a44       0x2c d:/st/stm32cubeide_1.10.1/stm32cubeide/plugins/com.st.stm32cube.ide.mcu.externaltools.gnu-tools-for-stm32.10.3-2021.10.win32_1.0.0.202111181127/tools/bin/../lib/gcc/arm-none-eabi/10.3.1/../../../../arm-none-eabi/lib/thumb/v7-m/nofp\libc_nano.a(lib_a-init.o)
 .debug_frame   0x0000000000002a70       0x20 d:/st/stm32cubeide_1.10.1/stm32cubeide/plugins/com.st.stm32cube.ide.mcu.externaltools.gnu-tools-for-stm32.10.3-2021.10.win32_1.0.0.202111181127/tools/bin/../lib/gcc/arm-none-eabi/10.3.1/../../../../arm-none-eabi/lib/thumb/v7-m/nofp\libc_nano.a(lib_a-memset.o)
